 my_safe_kill

 Timestamp is 4cd2db3e (Thu Nov 04 17:11:42 2010)

 Preferred load address is 00400000

 Start         Length     Name                   Class
 0001:00000000 0001bd26H .text                   CODE
 0002:00000000 00000104H .CRT$XCA                DATA
 0002:00000104 00000104H .CRT$XCZ                DATA
 0002:00000208 00000104H .CRT$XIA                DATA
 0002:0000030c 00000118H .CRT$XIC                DATA
 0002:00000424 00000104H .CRT$XIY                DATA
 0002:00000528 00000104H .CRT$XIZ                DATA
 0002:0000062c 00000104H .CRT$XPA                DATA
 0002:00000730 00000104H .CRT$XPX                DATA
 0002:00000834 00000104H .CRT$XPXA               DATA
 0002:00000938 00000104H .CRT$XPZ                DATA
 0002:00000a3c 00000104H .CRT$XTA                DATA
 0002:00000b40 00000104H .CRT$XTZ                DATA
 0002:00000c50 0000225eH .rdata                  DATA
 0002:00002eb0 000001abH .rdata$debug            DATA
 0002:00003060 0000010eH .rdata$sxdata           DATA
 0002:00003170 00000104H .rtc$IAA                DATA
 0002:00003274 00000104H .rtc$IZZ                DATA
 0002:00003378 00000104H .rtc$TAA                DATA
 0002:0000347c 00000104H .rtc$TZZ                DATA
 0002:00003580 000008b4H .xdata$x                DATA
 0002:00003e34 00000000H .edata                  DATA
 0003:00000000 00001360H .data                   DATA
 0003:00001360 00001fc8H .bss                    DATA
 0004:00000000 00000014H .idata$2                DATA
 0004:00000014 00000014H .idata$3                DATA
 0004:00000028 000001d4H .idata$4                DATA
 0004:000001fc 000001d4H .idata$5                DATA
 0004:000003d0 00000807H .idata$6                DATA

  Address         Publics by Value              Rva+Base       Lib:Object

 0000:00000000       __except_list              00000000     <absolute>
 0000:00000003       ___safe_se_handler_count   00000003     <absolute>
 0000:00000000       ___ImageBase               00400000     <linker-defined>
 0001:00000010       _main                      00401010 f   safe_kill_win.obj
 0001:00000250       _GetLastError@0            00401250 f   kernel32:KERNEL32.dll
 0001:00000256       _SetEvent@4                00401256 f   kernel32:KERNEL32.dll
 0001:0000025c       _Sleep@4                   0040125c f   kernel32:KERNEL32.dll
 0001:00000262       _CloseHandle@4             00401262 f   kernel32:KERNEL32.dll
 0001:00000268       _GetExitCodeProcess@8      00401268 f   kernel32:KERNEL32.dll
 0001:0000026e       _OpenProcess@12            0040126e f   kernel32:KERNEL32.dll
 0001:00000274       _OpenEventA@12             00401274 f   kernel32:KERNEL32.dll
 0001:0000027a       __snprintf                 0040127a f   LIBCMT:snprintf.obj
 0001:00000327       __snprintf_l               00401327 f   LIBCMT:snprintf.obj
 0001:00000344       _atol                      00401344 f   LIBCMT:atox.obj
 0001:00000355       __atol_l                   00401355 f   LIBCMT:atox.obj
 0001:0000036a       _atoi                      0040136a f   LIBCMT:atox.obj
 0001:0000036f       __atoi_l                   0040136f f   LIBCMT:atox.obj
 0001:00000374       __atoi64                   00401374 f   LIBCMT:atox.obj
 0001:00000385       __atoi64_l                 00401385 f   LIBCMT:atox.obj
 0001:0000039a       __amsg_exit                0040139a f   LIBCMT:crt0dat.obj
 0001:000003be       ___crtCorExitProcess       004013be f   LIBCMT:crt0dat.obj
 0001:000003e4       ___crtExitProcess          004013e4 f   LIBCMT:crt0dat.obj
 0001:000003f9       __lockexit                 004013f9 f   LIBCMT:crt0dat.obj
 0001:00000402       __unlockexit               00401402 f   LIBCMT:crt0dat.obj
 0001:00000423       __initterm_e               00401423 f   LIBCMT:crt0dat.obj
 0001:00000443       __get_osplatform           00401443 f   LIBCMT:crt0dat.obj
 0001:0000047a       __get_osver                0040147a f   LIBCMT:crt0dat.obj
 0001:000004b6       __get_winver               004014b6 f   LIBCMT:crt0dat.obj
 0001:000004f2       __get_winmajor             004014f2 f   LIBCMT:crt0dat.obj
 0001:0000052e       __get_winminor             0040152e f   LIBCMT:crt0dat.obj
 0001:0000056a       __get_wpgmptr              0040156a f   LIBCMT:crt0dat.obj
 0001:000005a1       __get_pgmptr               004015a1 f   LIBCMT:crt0dat.obj
 0001:000005d8       __cinit                    004015d8 f   LIBCMT:crt0dat.obj
 0001:0000074c       _exit                      0040174c f   LIBCMT:crt0dat.obj
 0001:0000075d       __exit                     0040175d f   LIBCMT:crt0dat.obj
 0001:0000076e       __cexit                    0040176e f   LIBCMT:crt0dat.obj
 0001:0000077d       __c_exit                   0040177d f   LIBCMT:crt0dat.obj
 0001:0000078c       __init_pointers            0040178c f   LIBCMT:crt0dat.obj
 0001:000007d8       _fprintf                   004017d8 f   LIBCMT:fprintf.obj
 0001:00000927       __fprintf_l                00401927 f   LIBCMT:fprintf.obj
 0001:00000941       __fprintf_s_l              00401941 f   LIBCMT:fprintf.obj
 0001:0000095b       _fprintf_s                 0040195b f   LIBCMT:fprintf.obj
 0001:00000973       __fprintf_p_l              00401973 f   LIBCMT:fprintf.obj
 0001:0000098d       __fprintf_p                0040198d f   LIBCMT:fprintf.obj
 0001:000009a5       ___iob_func                004019a5 f   LIBCMT:_file.obj
 0001:000009ab       ___initstdio               004019ab f   LIBCMT:_file.obj
 0001:00000a5c       ___endstdio                00401a5c f   LIBCMT:_file.obj
 0001:00000a7c       __lock_file                00401a7c f   LIBCMT:_file.obj
 0001:00000ab8       __lock_file2               00401ab8 f   LIBCMT:_file.obj
 0001:00000ae6       __unlock_file              00401ae6 f   LIBCMT:_file.obj
 0001:00000b1c       __unlock_file2             00401b1c f   LIBCMT:_file.obj
 0001:00000b46       __initp_misc_winsig        00401b46 f   LIBCMT:winsig.obj
 0001:00000c2e       ___get_sigabrt             00401c2e f   LIBCMT:winsig.obj
 0001:00000c3b       ___fpecode                 00401c3b f   LIBCMT:winsig.obj
 0001:00000c44       ___pxcptinfoptrs           00401c44 f   LIBCMT:winsig.obj
 0001:00000c4d       _signal                    00401c4d f   LIBCMT:winsig.obj
 0001:00000e8a       _raise                     00401e8a f   LIBCMT:winsig.obj
 0001:0000103a       @__security_check_cookie@4 0040203a f   LIBCMT:secchk.obj
 0001:00001049       __set_osplatform           00402049 f i LIBCMT:crt0.obj
 0001:00001053       __set_osver                00402053 f i LIBCMT:crt0.obj
 0001:0000105d       __set_winver               0040205d f i LIBCMT:crt0.obj
 0001:00001067       __set_winmajor             00402067 f i LIBCMT:crt0.obj
 0001:00001071       __set_winminor             00402071 f i LIBCMT:crt0.obj
 0001:00001296       _mainCRTStartup            00402296 f   LIBCMT:crt0.obj
 0001:000012a0       __flsbuf                   004022a0 f   LIBCMT:_flsbuf.obj
 0001:00001400       ??0_LocaleUpdate@@QAE@PAUlocaleinfo_struct@@@Z 00402400 f i LIBCMT:output.obj
 0001:00001482       ??1_LocaleUpdate@@QAE@XZ   00402482 f i LIBCMT:output.obj
 0001:00001490       ?GetLocaleT@_LocaleUpdate@@QAEPAUlocaleinfo_struct@@XZ 00402490 f i LIBCMT:output.obj
 0001:00001534       _get_int_arg               00402534 f i LIBCMT:output.obj
 0001:00001541       _get_int64_arg             00402541 f i LIBCMT:output.obj
 0001:00001551       _get_short_arg             00402551 f i LIBCMT:output.obj
 0001:0000155f       __output_l                 0040255f f   LIBCMT:output.obj
 0001:00001ef3       __initp_misc_invarg        00402ef3 f   LIBCMT:invarg.obj
 0001:00001efd       __invoke_watson            00402efd f   LIBCMT:invarg.obj
 0001:00001ff9       __set_invalid_parameter_handler 00402ff9 f   LIBCMT:invarg.obj
 0001:0000201b       __get_invalid_parameter_handler 0040301b f   LIBCMT:invarg.obj
 0001:00002028       ?_invoke_watson@@YAXPBG00II@Z 00403028 f   LIBCMT:invarg.obj
 0001:00002031       __invalid_parameter        00403031 f   LIBCMT:invarg.obj
 0001:00002055       __invalid_parameter_noinfo 00403055 f   LIBCMT:invarg.obj
 0001:00002065       ?_invalid_parameter@@YAXPBG00II@Z 00403065 f   LIBCMT:invarg.obj
 0001:0000206e       __get_errno_from_oserr     0040306e f   LIBCMT:dosmap.obj
 0001:000020a9       __errno                    004030a9 f   LIBCMT:dosmap.obj
 0001:000020bc       ___doserrno                004030bc f   LIBCMT:dosmap.obj
 0001:000020cf       __dosmaperr                004030cf f   LIBCMT:dosmap.obj
 0001:000020ed       __set_errno                004030ed f   LIBCMT:dosmap.obj
 0001:00002108       __get_errno                00403108 f   LIBCMT:dosmap.obj
 0001:00002132       __set_doserrno             00403132 f   LIBCMT:dosmap.obj
 0001:0000214d       __get_doserrno             0040314d f   LIBCMT:dosmap.obj
 0001:00002177       __vsnprintf_l              00403177 f   LIBCMT:vsnprint.obj
 0001:00002228       __vsnprintf                00403228 f   LIBCMT:vsnprint.obj
 0001:0000246e       _strtol                    0040346e f   LIBCMT:strtol.obj
 0001:00002497       __strtol_l                 00403497 f   LIBCMT:strtol.obj
 0001:000024b2       _strtoul                   004034b2 f   LIBCMT:strtol.obj
 0001:000024dc       __strtoul_l                004034dc f   LIBCMT:strtol.obj
 0001:0000278b       __strtoi64                 0040378b f   LIBCMT:strtoq.obj
 0001:000027b4       __strtoi64_l               004037b4 f   LIBCMT:strtoq.obj
 0001:000027cf       __strtoui64                004037cf f   LIBCMT:strtoq.obj
 0001:000027f9       __strtoui64_l              004037f9 f   LIBCMT:strtoq.obj
 0001:00002880       __encode_pointer           00403880 f   LIBCMT:tidtable.obj
 0001:000028ee       __encoded_null             004038ee f   LIBCMT:tidtable.obj
 0001:000028f7       __decode_pointer           004038f7 f   LIBCMT:tidtable.obj
 0001:00002965       ___crtTlsAlloc@4           00403965 f   LIBCMT:tidtable.obj
 0001:0000296e       ___fls_getvalue@4          0040396e f   LIBCMT:tidtable.obj
 0001:00002983       ___get_flsindex            00403983 f   LIBCMT:tidtable.obj
 0001:00002989       ___set_flsgetvalue         00403989 f   LIBCMT:tidtable.obj
 0001:000029bb       ___fls_setvalue@8          004039bb f   LIBCMT:tidtable.obj
 0001:000029d4       __mtterm                   004039d4 f   LIBCMT:tidtable.obj
 0001:00002a11       __initptd                  00403a11 f   LIBCMT:tidtable.obj
 0001:00002ad0       __getptd_noexit            00403ad0 f   LIBCMT:tidtable.obj
 0001:00002b47       __getptd                   00403b47 f   LIBCMT:tidtable.obj
 0001:00002b5f       __freefls@4                00403b5f f   LIBCMT:tidtable.obj
 0001:00002c80       __freeptd                  00403c80 f   LIBCMT:tidtable.obj
 0001:00002ce9       ___threadid                00403ce9 f   LIBCMT:tidtable.obj
 0001:00002cef       ___threadhandle            00403cef f   LIBCMT:tidtable.obj
 0001:00002cf5       __mtinit                   00403cf5 f   LIBCMT:tidtable.obj
 0001:00002e79       __invoke_watson_if_error   00403e79 f i LIBCMT:crt0msg.obj
 0001:00002e9b       __NMSG_WRITE               00403e9b f   LIBCMT:crt0msg.obj
 0001:0000303b       __GET_RTERRMSG             0040403b f   LIBCMT:crt0msg.obj
 0001:0000305b       __FF_MSGBANNER             0040405b f   LIBCMT:crt0msg.obj
 0001:00003094       __mtinitlocks              00404094 f   LIBCMT:mlock.obj
 0001:000030dd       __mtdeletelocks            004040dd f   LIBCMT:mlock.obj
 0001:00003132       __unlock                   00404132 f   LIBCMT:mlock.obj
 0001:00003147       __lockerr_exit             00404147 f   LIBCMT:mlock.obj
 0001:0000315f       __mtinitlocknum            0040415f f   LIBCMT:mlock.obj
 0001:00003222       __lock                     00404222 f   LIBCMT:mlock.obj
 0001:0000330c       ___onexitinit              0040430c f   LIBCMT:onexit.obj
 0001:0000333b       __onexit                   0040433b f   LIBCMT:onexit.obj
 0001:00003377       _atexit                    00404377 f   LIBCMT:onexit.obj
 0001:00003389       __RTC_Initialize           00404389 f   LIBCMT:initsect.obj
 0001:000033ad       __RTC_Terminate            004043ad f   LIBCMT:initsect.obj
 0001:000033d1       __initp_misc_cfltcvt_tab   004043d1 f   LIBCMT:cmiscdat.obj
 0001:000033f0       __ValidateImageBase        004043f0 f   LIBCMT:pesect.obj
 0001:00003420       __FindPESection            00404420 f   LIBCMT:pesect.obj
 0001:00003470       __IsNonwritableInCurrentImage 00404470 f   LIBCMT:pesect.obj
 0001:0000352c       __SEH_prolog4              0040452c f   LIBCMT:sehprolg4.obj
 0001:00003571       __SEH_epilog4              00404571 f   LIBCMT:sehprolg4.obj
 0001:000035c0       __except_handler4          004045c0 f   LIBCMT:chandler4.obj
 0001:00003756       ?terminate@@YAXXZ          00404756 f   LIBCMT:hooks.obj
 0001:0000378f       ?unexpected@@YAXXZ         0040478f f   LIBCMT:hooks.obj
 0001:000037a2       ?_inconsistency@@YAXXZ     004047a2 f   LIBCMT:hooks.obj
 0001:000037d9       __initp_eh_hooks           004047d9 f   LIBCMT:hooks.obj
 0001:000037ea       __initp_misc_winxfltr      004047ea f   LIBCMT:winxfltr.obj
 0001:0000381d       __XcptFilter               0040481d f   LIBCMT:winxfltr.obj
 0001:0000397b       ___CppXcptFilter           0040497b f   LIBCMT:winxfltr.obj
 0001:00003996       __initp_misc_rand_s        00404996 f   LIBCMT:rand_s.obj
 0001:000039a0       _rand_s                    004049a0 f   LIBCMT:rand_s.obj
 0001:00003aa4       ___getlocaleinfo           00404aa4 f   LIBCMT:inithelp.obj
 0001:00003bfe       __initp_misc_purevirt      00404bfe f   LIBCMT:inithelp.obj
 0001:00003c08       __initp_misc_initcrit      00404c08 f   LIBCMT:initcrit.obj
 0001:00003c22       ___crtInitCritSecAndSpinCount 00404c22 f   LIBCMT:initcrit.obj
 0001:00003ce7       __initp_heap_handler       00404ce7 f   LIBCMT:handler.obj
 0001:00003cf1       ?_set_new_handler@@YAP6AHI@ZP6AHI@Z@Z 00404cf1 f   LIBCMT:handler.obj
 0001:00003d22       ?_set_new_handler@@YAP6AHI@ZH@Z 00404d22 f   LIBCMT:handler.obj
 0001:00003d2b       ?_query_new_handler@@YAP6AHI@ZXZ 00404d2b f   LIBCMT:handler.obj
 0001:00003d38       __callnewh                 00404d38 f   LIBCMT:handler.obj
 0001:00003d5a       __stbuf                    00404d5a f   LIBCMT:_sftbuf.obj
 0001:00003df0       __ftbuf                    00404df0 f   LIBCMT:_sftbuf.obj
 0001:00003e1f       __ioinit                   00404e1f f   LIBCMT:ioinit.obj
 0001:00004073       __ioterm                   00405073 f   LIBCMT:ioinit.obj
 0001:000040bf       __fileno                   004050bf f   LIBCMT:fileno.obj
 0001:000040ec       _vfprintf_helper           004050ec f   LIBCMT:vfprintf.obj
 0001:0000423a       __vfprintf_l               0040523a f   LIBCMT:vfprintf.obj
 0001:00004258       __vfprintf_s_l             00405258 f   LIBCMT:vfprintf.obj
 0001:00004276       __vfprintf_p_l             00405276 f   LIBCMT:vfprintf.obj
 0001:00004294       _vfprintf                  00405294 f   LIBCMT:vfprintf.obj
 0001:000042b0       _vfprintf_s                004052b0 f   LIBCMT:vfprintf.obj
 0001:000042cc       __vfprintf_p               004052cc f   LIBCMT:vfprintf.obj
 0001:000042e8       _wait_a_bit                004052e8 f i LIBCMT:crtheap.obj
 0001:00004309       __set_malloc_crt_max_wait  00405309 f   LIBCMT:crtheap.obj
 0001:00004319       __malloc_crt               00405319 f   LIBCMT:crtheap.obj
 0001:00004359       __calloc_crt               00405359 f   LIBCMT:crtheap.obj
 0001:000043a1       __realloc_crt              004053a1 f   LIBCMT:crtheap.obj
 0001:000043ec       __recalloc_crt             004053ec f   LIBCMT:crtheap.obj
 0001:0000443c       @_malloc_crt_fastcall@4    0040543c f   LIBCMT:crtheap.obj
 0001:00004444       @_calloc_crt_fastcall@8    00405444 f   LIBCMT:crtheap.obj
 0001:0000444e       @_realloc_crt_fastcall@8   0040544e f   LIBCMT:crtheap.obj
 0001:00004458       _free                      00405458 f   LIBCMT:free.obj
 0001:000044e6       __fcloseall                004054e6 f   LIBCMT:closeall.obj
 0001:00004585       __flush                    00405585 f   LIBCMT:fflush.obj
 0001:000045e7       __fflush_nolock            004055e7 f   LIBCMT:fflush.obj
 0001:00004703       _fflush                    00405703 f   LIBCMT:fflush.obj
 0001:00004756       __flushall                 00405756 f   LIBCMT:fflush.obj
 0001:00004760       _memcpy                    00405760 f   LIBCMT:memcpy.obj
 0001:00004ac5       ___report_gsfailure        00405ac5 f   LIBCMT:gs_report.obj
 0001:00004bc9       ?__CxxUnhandledExceptionFilter@@YGJPAU_EXCEPTION_POINTERS@@@Z 00405bc9 f   LIBCMT:unhandld.obj
 0001:00004c06       ___CxxSetUnhandledExceptionFilter 00405c06 f   LIBCMT:unhandld.obj
 0001:00004c14       __setenvp                  00405c14 f   LIBCMT:stdenvp.obj
 0001:00004cef       __set_pgmptr               00405cef f i LIBCMT:stdargv.obj
 0001:00004e91       __setargv                  00405e91 f   LIBCMT:stdargv.obj
 0001:00004f4a       ___crtGetEnvironmentStringsA 00405f4a f   LIBCMT:a_env.obj
 0001:0000507f       ___heap_select             0040607f f   LIBCMT:heapinit.obj
 0001:000050da       __heap_init                004060da f   LIBCMT:heapinit.obj
 0001:00005134       __heap_term                00406134 f   LIBCMT:heapinit.obj
 0001:000051a8       __get_heap_handle          004061a8 f   LIBCMT:heapinit.obj
 0001:000051ae       ___security_init_cookie    004061ae f   LIBCMT:gs_support.obj
 0001:00005242       __lseeki64_nolock          00406242 f   LIBCMT:lseeki64.obj
 0001:000052c5       __lseeki64                 004062c5 f   LIBCMT:lseeki64.obj
 0001:000053de       __write_nolock             004063de f   LIBCMT:write.obj
 0001:00005a00       __write                    00406a00 f   LIBCMT:write.obj
 0001:00005adc       __getbuf                   00406adc f   LIBCMT:_getbuf.obj
 0001:00005b20       __isatty                   00406b20 f   LIBCMT:isatty.obj
 0001:00005d8c       ___updatetmbcinfo          00406d8c f   LIBCMT:mbctype.obj
 0001:00005eaa       __setmbcp_nolock           00406eaa f   LIBCMT:mbctype.obj
 0001:00006083       __getmbcp                  00407083 f   LIBCMT:mbctype.obj
 0001:000060bf       __setmbcp                  004070bf f   LIBCMT:mbctype.obj
 0001:00006259       ___initmbctable            00407259 f   LIBCMT:mbctype.obj
 0001:00006277       ____setlc_active_func      00407277 f   LIBCMT:setlocal.obj
 0001:0000627d       ____unguarded_readlc_active_add_func 0040727d f   LIBCMT:setlocal.obj
 0001:00006283       ___freetlocinfo            00407283 f   LIBCMT:setlocal.obj
 0001:000063c3       ___addlocaleref            004073c3 f   LIBCMT:setlocal.obj
 0001:00006449       ___removelocaleref         00407449 f   LIBCMT:setlocal.obj
 0001:00006537       ___updatetlocinfo          00407537 f   LIBCMT:setlocal.obj
 0001:000065ad       __configthreadlocale       004075ad f   LIBCMT:setlocal.obj
 0001:00006666       __free_locale              00407666 f   LIBCMT:setlocal.obj
 0001:000066fc       ___free_locale             004076fc f   LIBCMT:setlocal.obj
 0001:00006701       __get_current_locale       00407701 f   LIBCMT:setlocal.obj
 0001:00006789       ___get_current_locale      00407789 f   LIBCMT:setlocal.obj
 0001:0000678e       ___init_dummy              0040778e f   LIBCMT:setlocal.obj
 0001:00006791       __strcats                  00407791 f   LIBCMT:setlocal.obj
 0001:000067cf       ___lc_strtolc              004077cf f   LIBCMT:setlocal.obj
 0001:000068f8       ___lc_lctostr              004078f8 f   LIBCMT:setlocal.obj
 0001:00006ad4       __expandlocale             00407ad4 f   LIBCMT:setlocal.obj
 0001:0000716c       __create_locale            0040816c f   LIBCMT:setlocal.obj
 0001:0000725f       ___create_locale           0040825f f   LIBCMT:setlocal.obj
 0001:00007264       _setlocale                 00408264 f   LIBCMT:setlocal.obj
 0001:000073d4       _printf                    004083d4 f   LIBCMT:printf.obj
 0001:00007483       __printf_l                 00408483 f   LIBCMT:printf.obj
 0001:00007499       __printf_s_l               00408499 f   LIBCMT:printf.obj
 0001:000074af       _printf_s                  004084af f   LIBCMT:printf.obj
 0001:000074c3       __printf_p_l               004084c3 f   LIBCMT:printf.obj
 0001:000074d9       __printf_p                 004084d9 f   LIBCMT:printf.obj
 0001:000074ed       __set_printf_count_output  004084ed f   LIBCMT:printf.obj
 0001:00007512       __get_printf_count_output  00408512 f   LIBCMT:printf.obj
 0001:00007530       _strlen                    00408530 f   LIBCMT:strlen.obj
 0001:000075bb       __wctomb_s_l               004085bb f   LIBCMT:wctomb.obj
 0001:0000771a       _wctomb_s                  0040871a f   LIBCMT:wctomb.obj
 0001:00007735       __wctomb_l                 00408735 f   LIBCMT:wctomb.obj
 0001:00007784       _wctomb                    00408784 f   LIBCMT:wctomb.obj
 0001:000077b4       __isleadbyte_l             004087b4 f i LIBCMT:_wctype.obj
 0001:000077ea       _isleadbyte                004087ea f i LIBCMT:_wctype.obj
 0001:000077f8       __iswalpha_l               004087f8 f i LIBCMT:_wctype.obj
 0001:0000780e       _iswalpha                  0040880e f i LIBCMT:_wctype.obj
 0001:0000781f       __iswupper_l               0040881f f i LIBCMT:_wctype.obj
 0001:00007832       _iswupper                  00408832 f i LIBCMT:_wctype.obj
 0001:00007840       __iswlower_l               00408840 f i LIBCMT:_wctype.obj
 0001:00007853       _iswlower                  00408853 f i LIBCMT:_wctype.obj
 0001:00007861       __iswdigit_l               00408861 f i LIBCMT:_wctype.obj
 0001:00007874       _iswdigit                  00408874 f i LIBCMT:_wctype.obj
 0001:00007882       __iswxdigit_l              00408882 f i LIBCMT:_wctype.obj
 0001:00007898       _iswxdigit                 00408898 f i LIBCMT:_wctype.obj
 0001:000078a9       __iswspace_l               004088a9 f i LIBCMT:_wctype.obj
 0001:000078bc       _iswspace                  004088bc f i LIBCMT:_wctype.obj
 0001:000078ca       __iswpunct_l               004088ca f i LIBCMT:_wctype.obj
 0001:000078dd       _iswpunct                  004088dd f i LIBCMT:_wctype.obj
 0001:000078eb       __iswalnum_l               004088eb f i LIBCMT:_wctype.obj
 0001:00007901       _iswalnum                  00408901 f i LIBCMT:_wctype.obj
 0001:00007912       __iswprint_l               00408912 f i LIBCMT:_wctype.obj
 0001:00007928       _iswprint                  00408928 f i LIBCMT:_wctype.obj
 0001:00007939       __iswgraph_l               00408939 f i LIBCMT:_wctype.obj
 0001:0000794f       _iswgraph                  0040894f f i LIBCMT:_wctype.obj
 0001:00007960       __iswcntrl_l               00408960 f i LIBCMT:_wctype.obj
 0001:00007973       _iswcntrl                  00408973 f i LIBCMT:_wctype.obj
 0001:00007981       _iswascii                  00408981 f i LIBCMT:_wctype.obj
 0001:0000798d       __iswcsym_l                0040898d f i LIBCMT:_wctype.obj
 0001:000079b3       ___iswcsym                 004089b3 f i LIBCMT:_wctype.obj
 0001:000079d4       __iswcsymf_l               004089d4 f i LIBCMT:_wctype.obj
 0001:000079fa       ___iswcsymf                004089fa f i LIBCMT:_wctype.obj
 0001:00007a20       __aulldvrm                 00408a20 f   LIBCMT:ulldvrm.obj
 0001:00007ab5       __crt_debugger_hook        00408ab5 f   LIBCMT:dbghook.obj
 0001:00007ac0       _memset                    00408ac0 f   LIBCMT:memset.obj
 0001:00007b3a       __isctype_l                00408b3a f   LIBCMT:isctype.obj
 0001:00007bf0       __isctype                  00408bf0 f   LIBCMT:isctype.obj
 0001:00007c20       __allmul                   00408c20 f   LIBCMT:llmul.obj
 0001:00007c60       _strcmp                    00408c60 f   LIBCMT:strcmp.obj
 0001:00007ce8       ___crtMessageBoxA          00408ce8 f   LIBCMT:crtmbox.obj
 0001:00007ea5       _strcat_s                  00408ea5 f   LIBCMT:strcat_s.obj
 0001:00007f16       _strncpy_s                 00408f16 f   LIBCMT:strncpy_s.obj
 0001:00007fc9       _strcpy_s                  00408fc9 f   LIBCMT:strcpy_s.obj
 0001:0000802e       __set_error_mode           0040902e f   LIBCMT:errmode.obj
 0001:00008074       ___set_app_type            00409074 f   LIBCMT:errmode.obj
 0001:0000807e       ___get_app_type            0040907e f   LIBCMT:errmode.obj
 0001:00008084       __msize                    00409084 f   LIBCMT:msize.obj
 0001:00008127       __fptrap                   00409127 f   LIBCMT:crt0fp.obj
 0001:00008130       __local_unwind4            00409130 f   LIBCMT:exsup4.obj
 0001:00008206       __seh_longjmp_unwind4@4    00409206 f   LIBCMT:exsup4.obj
 0001:00008222       @_EH4_CallFilterFunc@8     00409222 f   LIBCMT:exsup4.obj
 0001:00008239       @_EH4_TransferToHandler@8  00409239 f   LIBCMT:exsup4.obj
 0001:00008252       @_EH4_GlobalUnwind@4       00409252 f   LIBCMT:exsup4.obj
 0001:0000826c       @_EH4_LocalUnwind@16       0040926c f   LIBCMT:exsup4.obj
 0001:00008283       _abort                     00409283 f   LIBCMT:abort.obj
 0001:00008376       __set_abort_behavior       00409376 f   LIBCMT:abort.obj
 0001:00008394       __isalpha_l                00409394 f i LIBCMT:_ctype.obj
 0001:000083e8       _isalpha                   004093e8 f i LIBCMT:_ctype.obj
 0001:00008413       __isupper_l                00409413 f i LIBCMT:_ctype.obj
 0001:00008462       _isupper                   00409462 f i LIBCMT:_ctype.obj
 0001:0000848b       __islower_l                0040948b f i LIBCMT:_ctype.obj
 0001:000084da       _islower                   004094da f i LIBCMT:_ctype.obj
 0001:00008503       __isdigit_l                00409503 f i LIBCMT:_ctype.obj
 0001:00008552       _isdigit                   00409552 f i LIBCMT:_ctype.obj
 0001:0000857b       __isxdigit_l               0040957b f i LIBCMT:_ctype.obj
 0001:000085cf       _isxdigit                  004095cf f i LIBCMT:_ctype.obj
 0001:000085fa       __isspace_l                004095fa f i LIBCMT:_ctype.obj
 0001:00008649       _isspace                   00409649 f i LIBCMT:_ctype.obj
 0001:00008672       __ispunct_l                00409672 f i LIBCMT:_ctype.obj
 0001:000086c1       _ispunct                   004096c1 f i LIBCMT:_ctype.obj
 0001:000086ea       __isalnum_l                004096ea f i LIBCMT:_ctype.obj
 0001:0000873e       _isalnum                   0040973e f i LIBCMT:_ctype.obj
 0001:00008769       __isprint_l                00409769 f i LIBCMT:_ctype.obj
 0001:000087bd       _isprint                   004097bd f i LIBCMT:_ctype.obj
 0001:000087e8       __isgraph_l                004097e8 f i LIBCMT:_ctype.obj
 0001:0000883c       _isgraph                   0040983c f i LIBCMT:_ctype.obj
 0001:00008867       __iscntrl_l                00409867 f i LIBCMT:_ctype.obj
 0001:000088b6       _iscntrl                   004098b6 f i LIBCMT:_ctype.obj
 0001:000088df       ___isascii                 004098df f i LIBCMT:_ctype.obj
 0001:000088ec       ___toascii                 004098ec f i LIBCMT:_ctype.obj
 0001:000088f4       __iscsymf_l                004098f4 f i LIBCMT:_ctype.obj
 0001:00008913       ___iscsymf                 00409913 f i LIBCMT:_ctype.obj
 0001:0000892d       __iscsym_l                 0040992d f i LIBCMT:_ctype.obj
 0001:0000894c       ___iscsym                  0040994c f i LIBCMT:_ctype.obj
 0001:00008968       __MarkAllocaS              00409968 f i LIBCMT:w_loc.obj
 0001:0000897a       __freea                    0040997a f i LIBCMT:w_loc.obj
 0001:00008ad0       ___crtGetLocaleInfoW       00409ad0 f   LIBCMT:w_loc.obj
 0001:00008c48       ___crtGetLocaleInfoA       00409c48 f   LIBCMT:a_loc.obj
 0001:00008d24       __output_s_l               00409d24 f   LIBCMT:outputs.obj
 0001:000096d4       __validate_param_reuseA    0040a6d4 f   LIBCMT:outputp.obj
 0001:0000989e       _get_crtdouble_arg         0040a89e f i LIBCMT:outputp.obj
 0001:000098ae       __output_p_l               0040a8ae f   LIBCMT:outputp.obj
 0001:0000a836       _V6_HeapAlloc              0040b836 f   LIBCMT:malloc.obj
 0001:0000a885       __heap_alloc               0040b885 f i LIBCMT:malloc.obj
 0001:0000a8fa       _malloc                    0040b8fa f   LIBCMT:malloc.obj
 0001:0000a9bd       __calloc_impl              0040b9bd f   LIBCMT:calloc.obj
 0001:0000aadb       _calloc                    0040badb f   LIBCMT:calloc.obj
 0001:0000ab1a       _realloc                   0040bb1a f   LIBCMT:realloc.obj
 0001:0000ad35       __recalloc                 0040bd35 f   LIBCMT:realloc.obj
 0001:0000adae       __get_sbh_threshold        0040bdae f   LIBCMT:sbheap.obj
 0001:0000adcf       __set_amblksiz             0040bdcf f   LIBCMT:sbheap.obj
 0001:0000ae15       __get_amblksiz             0040be15 f   LIBCMT:sbheap.obj
 0001:0000ae51       ___sbh_heap_init           0040be51 f   LIBCMT:sbheap.obj
 0001:0000ae99       ___sbh_find_block          0040be99 f   LIBCMT:sbheap.obj
 0001:0000aec4       ___sbh_free_block          0040bec4 f   LIBCMT:sbheap.obj
 0001:0000b1d8       ___sbh_alloc_new_region    0040c1d8 f   LIBCMT:sbheap.obj
 0001:0000b288       ___sbh_alloc_new_group     0040c288 f   LIBCMT:sbheap.obj
 0001:0000b38e       ___sbh_resize_block        0040c38e f   LIBCMT:sbheap.obj
 0001:0000b66d       ___sbh_heapmin             0040c66d f   LIBCMT:sbheap.obj
 0001:0000b73a       ___sbh_heap_check          0040c73a f   LIBCMT:sbheap.obj
 0001:0000ba1c       __set_sbh_threshold        0040ca1c f   LIBCMT:sbheap.obj
 0001:0000bac4       ___sbh_alloc_block         0040cac4 f   LIBCMT:sbheap.obj
 0001:0000bda7       __fclose_nolock            0040cda7 f   LIBCMT:fclose.obj
 0001:0000be19       _fclose                    0040ce19 f   LIBCMT:fclose.obj
 0001:0000be95       __commit                   0040ce95 f   LIBCMT:commit.obj
 0001:0000bffd       __VEC_memcpy               0040cffd f   LIBCMT:p4_memcpy.obj
 0001:0000c0e0       __sse2_mathfcns_init       0040d0e0 f   LIBCMT:mathfcns.obj
 0001:0000c0f4       __set_SSE2_enable          0040d0f4 f   LIBCMT:mathfcns.obj
 0001:0000c159       __ismbbkalnum_l            0040d159 f   LIBCMT:ismbbyte.obj
 0001:0000c16e       __ismbbkalnum              0040d16e f   LIBCMT:ismbbyte.obj
 0001:0000c181       __ismbbkprint_l            0040d181 f   LIBCMT:ismbbyte.obj
 0001:0000c196       __ismbbkprint              0040d196 f   LIBCMT:ismbbyte.obj
 0001:0000c1a9       __ismbbkpunct_l            0040d1a9 f   LIBCMT:ismbbyte.obj
 0001:0000c1be       __ismbbkpunct              0040d1be f   LIBCMT:ismbbyte.obj
 0001:0000c1d1       __ismbbalnum_l             0040d1d1 f   LIBCMT:ismbbyte.obj
 0001:0000c1e9       __ismbbalnum               0040d1e9 f   LIBCMT:ismbbyte.obj
 0001:0000c1ff       __ismbbalpha_l             0040d1ff f   LIBCMT:ismbbyte.obj
 0001:0000c217       __ismbbalpha               0040d217 f   LIBCMT:ismbbyte.obj
 0001:0000c22d       __ismbbgraph_l             0040d22d f   LIBCMT:ismbbyte.obj
 0001:0000c245       __ismbbgraph               0040d245 f   LIBCMT:ismbbyte.obj
 0001:0000c25b       __ismbbprint_l             0040d25b f   LIBCMT:ismbbyte.obj
 0001:0000c273       __ismbbprint               0040d273 f   LIBCMT:ismbbyte.obj
 0001:0000c289       __ismbbpunct_l             0040d289 f   LIBCMT:ismbbyte.obj
 0001:0000c29e       __ismbbpunct               0040d29e f   LIBCMT:ismbbyte.obj
 0001:0000c2b1       __ismbblead_l              0040d2b1 f   LIBCMT:ismbbyte.obj
 0001:0000c2c6       __ismbblead                0040d2c6 f   LIBCMT:ismbbyte.obj
 0001:0000c2d9       __ismbbtrail_l             0040d2d9 f   LIBCMT:ismbbyte.obj
 0001:0000c2ee       __ismbbtrail               0040d2ee f   LIBCMT:ismbbyte.obj
 0001:0000c301       __ismbbkana_l              0040d301 f   LIBCMT:ismbbyte.obj
 0001:0000c354       __ismbbkana                0040d354 f   LIBCMT:ismbbyte.obj
 0001:0000c362       __set_osfhnd               0040d362 f   LIBCMT:osfinfo.obj
 0001:0000c3df       __free_osfhnd              0040d3df f   LIBCMT:osfinfo.obj
 0001:0000c460       __get_osfhandle            0040d460 f   LIBCMT:osfinfo.obj
 0001:0000c4d1       ___lock_fhandle            0040d4d1 f   LIBCMT:osfinfo.obj
 0001:0000c571       __unlock_fhandle           0040d571 f   LIBCMT:osfinfo.obj
 0001:0000c593       __alloc_osfhnd             0040d593 f   LIBCMT:osfinfo.obj
 0001:0000c72d       __open_osfhandle           0040d72d f   LIBCMT:osfinfo.obj
 0001:0000c842       __putwch_nolock            0040d842 f   LIBCMT:putwch.obj
 0001:0000c904       __cputws                   0040d904 f   LIBCMT:putwch.obj
 0001:0000c99f       __putwch                   0040d99f f   LIBCMT:putwch.obj
 0001:0000c9e5       __mbtowc_l                 0040d9e5 f   LIBCMT:mbtowc.obj
 0001:0000caf8       _mbtowc                    0040daf8 f   LIBCMT:mbtowc.obj
 0001:0000cecb       ___crtLCMapStringA         0040decb f   LIBCMT:a_map.obj
 0001:0000d0c6       ___crtGetStringTypeA       0040e0c6 f   LIBCMT:a_str.obj
 0001:0000d106       ___pwctype_func            0040e106 f   LIBCMT:ctype.obj
 0001:0000d10c       ___pctype_func             0040e10c f   LIBCMT:ctype.obj
 0001:0000d54e       ___free_lc_time            0040e54e f   LIBCMT:inittime.obj
 0001:0000d6de       ___init_time               0040e6de f   LIBCMT:inittime.obj
 0001:0000d784       ___free_lconv_num          0040e784 f   LIBCMT:initnum.obj
 0001:0000d7c4       ___init_numeric            0040e7c4 f   LIBCMT:initnum.obj
 0001:0000d9bf       ___free_lconv_mon          0040e9bf f   LIBCMT:initmon.obj
 0001:0000da48       ___init_monetary           0040ea48 f   LIBCMT:initmon.obj
 0001:0000dd0c       ___init_ctype              0040ed0c f   LIBCMT:initctyp.obj
 0001:0000e0a1       ____mb_cur_max_func        0040f0a1 f   LIBCMT:initctyp.obj
 0001:0000e0ca       ____mb_cur_max_l_func      0040f0ca f   LIBCMT:initctyp.obj
 0001:0000e0e0       ____lc_codepage_func       0040f0e0 f   LIBCMT:initctyp.obj
 0001:0000e106       ____lc_collate_cp_func     0040f106 f   LIBCMT:initctyp.obj
 0001:0000e12c       ____lc_handle_func         0040f12c f   LIBCMT:initctyp.obj
 0001:0000e152       ___init_collate            0040f152 f   LIBCMT:initcoll.obj
 0001:0000e155       __Getdays_l                0040f155 f   LIBCMT:strftime.obj
 0001:0000e253       __Getdays                  0040f253 f   LIBCMT:strftime.obj
 0001:0000e25c       __Getmonths_l              0040f25c f   LIBCMT:strftime.obj
 0001:0000e35a       __Getmonths                0040f35a f   LIBCMT:strftime.obj
 0001:0000e363       __Gettnames_l              0040f363 f   LIBCMT:strftime.obj
 0001:0000e6b8       __Gettnames                0040f6b8 f   LIBCMT:strftime.obj
 0001:0000efd3       __Strftime_l               0040ffd3 f   LIBCMT:strftime.obj
 0001:0000f182       __strftime_l               00410182 f   LIBCMT:strftime.obj
 0001:0000f1a0       _strftime                  004101a0 f   LIBCMT:strftime.obj
 0001:0000f1bd       __Strftime                 004101bd f   LIBCMT:strftime.obj
 0001:0000f1db       _localeconv                004101db f   LIBCMT:lconv.obj
 0001:0000f210       _strcspn                   00410210 f   LIBCMT:strcspn.obj
 0001:0000f810       ___get_qualified_locale    00410810 f   LIBCMT:getqloc.obj
 0001:00010f65       _memcmp                    00411f65 f   LIBCMT:memcmp.obj
 0001:000125e5       _strncmp                   004135e5 f   LIBCMT:strncmp.obj
 0001:000126b0       _strpbrk                   004136b0 f   LIBCMT:strpbrk.obj
 0001:000126f0       _vprintf_helper            004136f0 f   LIBCMT:vprintf.obj
 0001:00012780       __vprintf_l                00413780 f   LIBCMT:vprintf.obj
 0001:0001279a       __vprintf_s_l              0041379a f   LIBCMT:vprintf.obj
 0001:000127b4       __vprintf_p_l              004137b4 f   LIBCMT:vprintf.obj
 0001:000127ce       _vprintf                   004137ce f   LIBCMT:vprintf.obj
 0001:000127e6       _vprintf_s                 004137e6 f   LIBCMT:vprintf.obj
 0001:000127fe       __vprintf_p                004137fe f   LIBCMT:vprintf.obj
 0001:00012816       __iswctype_l               00413816 f   LIBCMT:iswctype.obj
 0001:00012898       _iswctype                  00413898 f   LIBCMT:iswctype.obj
 0001:00012906       _is_wctype                 00413906 f   LIBCMT:iswctype.obj
 0001:00012962       __VEC_memzero              00413962 f   LIBCMT:p4_memset.obj
 0001:000129f4       __global_unwind2           004139f4 f   LIBCMT:exsup.obj
 0001:00012a59       __local_unwind2            00413a59 f   LIBCMT:exsup.obj
 0001:00012add       __abnormal_termination     00413add f   LIBCMT:exsup.obj
 0001:00012b00       __NLG_Notify1              00413b00 f   LIBCMT:exsup.obj
 0001:00012b09       __NLG_Notify               00413b09 f   LIBCMT:exsup.obj
 0001:00012b20       __NLG_Dispatch2            00413b20     LIBCMT:exsup.obj
 0001:00012b20       __NLG_Dispatch             00413b20     LIBCMT:exsup.obj
 0001:00012b28       __NLG_Call                 00413b28 f   LIBCMT:exsup.obj
 0001:00012b2a       __NLG_Return2              00413b2a     LIBCMT:exsup.obj
 0001:00012b30       __alloca_probe_16          00413b30 f   LIBCMT:alloca16.obj
 0001:00012b46       __alloca_probe_8           00413b46     LIBCMT:alloca16.obj
 0001:00012b60       _memmove                   00413b60 f   LIBCMT:memmove.obj
 0001:00012ec5       __close_nolock             00413ec5 f   LIBCMT:close.obj
 0001:00012f5c       __close                    00413f5c f   LIBCMT:close.obj
 0001:00013029       __freebuf                  00414029 f   LIBCMT:_freebuf.obj
 0001:000130a5       __get_sse2_info            004140a5 f   LIBCMT:cpu_disp.obj
 0001:00013105       ___sse2_available_init     00414105 f   LIBCMT:cpu_disp.obj
 0001:00013112       ___initconin               00414112 f   LIBCMT:initcon.obj
 0001:00013131       ___initconout              00414131 f   LIBCMT:initcon.obj
 0001:00013150       ___termcon                 00414150 f   LIBCMT:initcon.obj
 0001:0001317d       _wcslen                    0041417d f   LIBCMT:wcslen.obj
 0001:00013193       ___ansicp                  00414193 f   LIBCMT:convrtcp.obj
 0001:000131da       ___convertcp               004141da f   LIBCMT:convrtcp.obj
 0001:0001338c       __get_daylight             0041438c f   LIBCMT:timeset.obj
 0001:000133c0       __get_dstbias              004143c0 f   LIBCMT:timeset.obj
 0001:000133f4       __get_timezone             004143f4 f   LIBCMT:timeset.obj
 0001:00013428       __get_tzname               00414428 f   LIBCMT:timeset.obj
 0001:000134ca       ___daylight                004144ca f   LIBCMT:timeset.obj
 0001:000134d0       ___dstbias                 004144d0 f   LIBCMT:timeset.obj
 0001:000134d6       ___timezone                004144d6 f   LIBCMT:timeset.obj
 0001:000134dc       ___tzname                  004144dc f   LIBCMT:timeset.obj
 0001:000134e2       __set_daylight             004144e2 f i LIBCMT:tzset.obj
 0001:000134ee       __set_dstbias              004144ee f i LIBCMT:tzset.obj
 0001:000134fa       __set_timezone             004144fa f i LIBCMT:tzset.obj
 0001:00013c1a       ___tzset                   00414c1a f   LIBCMT:tzset.obj
 0001:00013c69       __tzset                    00414c69 f   LIBCMT:tzset.obj
 0001:00013ca1       __isindst                  00414ca1 f   LIBCMT:tzset.obj
 0001:00013ce2       ___ascii_stricmp           00414ce2 f   LIBCMT:stricmp.obj
 0001:00013d17       __stricmp_l                00414d17 f   LIBCMT:stricmp.obj
 0001:00013dea       __stricmp                  00414dea f   LIBCMT:stricmp.obj
 0001:00013e3a       __strnicmp_l               00414e3a f   LIBCMT:strnicmp.obj
 0001:00013f2a       __strnicmp                 00414f2a f   LIBCMT:strnicmp.obj
 0001:00014061       __itoa_s                   00415061 f   LIBCMT:xtoas.obj
 0001:00014089       __ltoa_s                   00415089 f   LIBCMT:xtoas.obj
 0001:000140ae       __ultoa_s                  004150ae f   LIBCMT:xtoas.obj
 0001:000141bc       __i64toa_s                 004151bc f   LIBCMT:xtoas.obj
 0001:000141ef       __ui64toa_s                004151ef f   LIBCMT:xtoas.obj
 0001:00014430       ___crtGetStringTypeW       00415430 f   LIBCMT:w_str.obj
 0001:00014470       __chkstk                   00415470 f   LIBCMT:chkstk.obj
 0001:00014470       __alloca_probe             00415470     LIBCMT:chkstk.obj
 0001:0001449b       __getenv_helper_nolock     0041549b f   LIBCMT:getenv.obj
 0001:00014651       _getenv                    00415651 f   LIBCMT:getenv.obj
 0001:000146d4       _getenv_s                  004156d4 f   LIBCMT:getenv.obj
 0001:000147ac       __dupenv_s                 004157ac f   LIBCMT:getenv.obj
 0001:00014892       __tolower                  00415892 f   LIBCMT:tolower.obj
 0001:0001489a       __tolower_l                0041589a f   LIBCMT:tolower.obj
 0001:000149b1       _tolower                   004159b1 f   LIBCMT:tolower.obj
 0001:000149e0       ___ascii_strnicmp          004159e0 f   LIBCMT:_strnicm.obj
 0001:00014a41       __mbsnbicoll_l             00415a41 f   LIBCMT:mbsnbico.obj
 0001:00014b2d       __mbsnbicoll               00415b2d f   LIBCMT:mbsnbico.obj
 0001:00014b44       ___wtomb_environ           00415b44 f   LIBCMT:wtombenv.obj
 0001:00014bd9       _strnlen                   00415bd9 f   LIBCMT:strlen_s.obj
 0001:00014f96       ___crtCompareStringA       00415f96 f   LIBCMT:a_cmp.obj
 0001:00014fd6       __strnicoll_l              00415fd6 f   LIBCMT:strnicol.obj
 0001:000150ce       __strnicoll                004160ce f   LIBCMT:strnicol.obj
 0001:0001519f       ___crtsetenv               0041619f f   LIBCMT:setenv.obj
 0001:000153eb       __strdup                   004163eb f   LIBCMT:strdup.obj
 0001:0001543b       __mbschr_l                 0041643b f   LIBCMT:mbschr.obj
 0001:000154f5       __mbschr                   004164f5 f   LIBCMT:mbschr.obj
 0001:00015520       _strchr                    00416520 f   LIBCMT:strchr.obj
 0001:00015526       ___from_strstr_to_strchr   00416526     LIBCMT:strchr.obj
 0001:000155de       _GetProcAddress@8          004165de f   kernel32:KERNEL32.dll
 0001:000155e4       _GetModuleHandleA@4        004165e4 f   kernel32:KERNEL32.dll
 0001:000155ea       _ExitProcess@4             004165ea f   kernel32:KERNEL32.dll
 0001:000155f0       _EnterCriticalSection@4    004165f0 f   kernel32:KERNEL32.dll
 0001:000155f6       _LeaveCriticalSection@4    004165f6 f   kernel32:KERNEL32.dll
 0001:000155fc       _SetConsoleCtrlHandler@8   004165fc f   kernel32:KERNEL32.dll
 0001:00015602       _GetCommandLineA@0         00416602 f   kernel32:KERNEL32.dll
 0001:00015608       _HeapFree@12               00416608 f   kernel32:KERNEL32.dll
 0001:0001560e       _GetVersionExA@4           0041660e f   kernel32:KERNEL32.dll
 0001:00015614       _HeapAlloc@12              00416614 f   kernel32:KERNEL32.dll
 0001:0001561a       _GetProcessHeap@0          0041661a f   kernel32:KERNEL32.dll
 0001:00015620       _TerminateProcess@8        00416620 f   kernel32:KERNEL32.dll
 0001:00015626       _GetCurrentProcess@0       00416626 f   kernel32:KERNEL32.dll
 0001:0001562c       _UnhandledExceptionFilter@4 0041662c f   kernel32:KERNEL32.dll
 0001:00015632       _SetUnhandledExceptionFilter@4 00416632 f   kernel32:KERNEL32.dll
 0001:00015638       _IsDebuggerPresent@0       00416638 f   kernel32:KERNEL32.dll
 0001:0001563e       _TlsGetValue@4             0041663e f   kernel32:KERNEL32.dll
 0001:00015644       _TlsAlloc@0                00416644 f   kernel32:KERNEL32.dll
 0001:0001564a       _TlsSetValue@8             0041664a f   kernel32:KERNEL32.dll
 0001:00015650       _TlsFree@4                 00416650 f   kernel32:KERNEL32.dll
 0001:00015656       _InterlockedIncrement@4    00416656 f   kernel32:KERNEL32.dll
 0001:0001565c       _SetLastError@4            0041665c f   kernel32:KERNEL32.dll
 0001:00015662       _GetCurrentThreadId@0      00416662 f   kernel32:KERNEL32.dll
 0001:00015668       _InterlockedDecrement@4    00416668 f   kernel32:KERNEL32.dll
 0001:0001566e       _GetCurrentThread@0        0041666e f   kernel32:KERNEL32.dll
 0001:00015674       _WriteFile@20              00416674 f   kernel32:KERNEL32.dll
 0001:0001567a       _GetStdHandle@4            0041667a f   kernel32:KERNEL32.dll
 0001:00015680       _GetModuleFileNameA@12     00416680 f   kernel32:KERNEL32.dll
 0001:00015686       _DeleteCriticalSection@4   00416686 f   kernel32:KERNEL32.dll
 0001:0001568c       _FatalAppExitA@8           0041668c f   kernel32:KERNEL32.dll
 0001:00015692       _FreeLibrary@4             00416692 f   kernel32:KERNEL32.dll
 0001:00015698       _InterlockedExchange@8     00416698 f   kernel32:KERNEL32.dll
 0001:0001569e       _LoadLibraryA@4            0041669e f   kernel32:KERNEL32.dll
 0001:000156a4       _InitializeCriticalSection@4 004166a4 f   kernel32:KERNEL32.dll
 0001:000156aa       _SetHandleCount@4          004166aa f   kernel32:KERNEL32.dll
 0001:000156b0       _GetFileType@4             004166b0 f   kernel32:KERNEL32.dll
 0001:000156b6       _GetStartupInfoA@4         004166b6 f   kernel32:KERNEL32.dll
 0001:000156bc       _FreeEnvironmentStringsA@4 004166bc f   kernel32:KERNEL32.dll
 0001:000156c2       _GetEnvironmentStrings@0   004166c2 f   kernel32:KERNEL32.dll
 0001:000156c8       _FreeEnvironmentStringsW@4 004166c8 f   kernel32:KERNEL32.dll
 0001:000156ce       _WideCharToMultiByte@32    004166ce f   kernel32:KERNEL32.dll
 0001:000156d4       _GetEnvironmentStringsW@0  004166d4 f   kernel32:KERNEL32.dll
 0001:000156da       _HeapDestroy@4             004166da f   kernel32:KERNEL32.dll
 0001:000156e0       _HeapCreate@12             004166e0 f   kernel32:KERNEL32.dll
 0001:000156e6       _VirtualFree@12            004166e6 f   kernel32:KERNEL32.dll
 0001:000156ec       _QueryPerformanceCounter@4 004166ec f   kernel32:KERNEL32.dll
 0001:000156f2       _GetTickCount@0            004166f2 f   kernel32:KERNEL32.dll
 0001:000156f8       _GetCurrentProcessId@0     004166f8 f   kernel32:KERNEL32.dll
 0001:000156fe       _GetSystemTimeAsFileTime@4 004166fe f   kernel32:KERNEL32.dll
 0001:00015704       _SetFilePointer@16         00416704 f   kernel32:KERNEL32.dll
 0001:0001570a       _GetConsoleCP@0            0041670a f   kernel32:KERNEL32.dll
 0001:00015710       _GetConsoleMode@8          00416710 f   kernel32:KERNEL32.dll
 0001:00015716       _GetCPInfo@8               00416716 f   kernel32:KERNEL32.dll
 0001:0001571c       _GetACP@0                  0041671c f   kernel32:KERNEL32.dll
 0001:00015722       _GetOEMCP@0                00416722 f   kernel32:KERNEL32.dll
 0001:00015728       _IsValidCodePage@4         00416728 f   kernel32:KERNEL32.dll
 0001:0001572e       _HeapSize@12               0041672e f   kernel32:KERNEL32.dll
 0001:00015734       _RtlUnwind@16              00416734 f   kernel32:KERNEL32.dll
 0001:0001573a       _MultiByteToWideChar@24    0041673a f   kernel32:KERNEL32.dll
 0001:00015740       _GetLocaleInfoA@16         00416740 f   kernel32:KERNEL32.dll
 0001:00015746       _GetLocaleInfoW@16         00416746 f   kernel32:KERNEL32.dll
 0001:0001574c       _HeapReAlloc@16            0041674c f   kernel32:KERNEL32.dll
 0001:00015752       _VirtualAlloc@16           00416752 f   kernel32:KERNEL32.dll
 0001:00015758       _FlushFileBuffers@4        00416758 f   kernel32:KERNEL32.dll
 0001:0001575e       _SetStdHandle@8            0041675e f   kernel32:KERNEL32.dll
 0001:00015764       _WriteConsoleA@20          00416764 f   kernel32:KERNEL32.dll
 0001:0001576a       _GetConsoleOutputCP@0      0041676a f   kernel32:KERNEL32.dll
 0001:00015770       _WriteConsoleW@20          00416770 f   kernel32:KERNEL32.dll
 0001:00015776       _LCMapStringA@24           00416776 f   kernel32:KERNEL32.dll
 0001:0001577c       _LCMapStringW@24           0041677c f   kernel32:KERNEL32.dll
 0001:00015782       _GetStringTypeA@20         00416782 f   kernel32:KERNEL32.dll
 0001:00015788       _GetStringTypeW@16         00416788 f   kernel32:KERNEL32.dll
 0001:0001578e       _GetTimeFormatA@24         0041678e f   kernel32:KERNEL32.dll
 0001:00015794       _GetDateFormatA@24         00416794 f   kernel32:KERNEL32.dll
 0001:0001579a       _GetUserDefaultLCID@0      0041679a f   kernel32:KERNEL32.dll
 0001:000157a0       _EnumSystemLocalesA@8      004167a0 f   kernel32:KERNEL32.dll
 0001:000157a6       _IsValidLocale@8           004167a6 f   kernel32:KERNEL32.dll
 0001:000157ac       _CreateFileA@28            004167ac f   kernel32:KERNEL32.dll
 0001:000157b2       _GetTimeZoneInformation@4  004167b2 f   kernel32:KERNEL32.dll
 0001:000157b8       _CompareStringA@24         004167b8 f   kernel32:KERNEL32.dll
 0001:000157be       _CompareStringW@24         004167be f   kernel32:KERNEL32.dll
 0001:000157c4       _SetEnvironmentVariableA@8 004167c4 f   kernel32:KERNEL32.dll
 0002:00000000       ___xc_a                    0041d000     LIBCMT:crt0init.obj
 0002:00000104       ___xc_z                    0041d104     LIBCMT:crt0init.obj
 0002:00000208       ___xi_a                    0041d208     LIBCMT:crt0init.obj
 0002:00000528       ___xi_z                    0041d528     LIBCMT:crt0init.obj
 0002:0000062c       ___xp_a                    0041d62c     LIBCMT:crt0init.obj
 0002:00000938       ___xp_z                    0041d938     LIBCMT:crt0init.obj
 0002:00000a3c       ___xt_a                    0041da3c     LIBCMT:crt0init.obj
 0002:00000b40       ___xt_z                    0041db40     LIBCMT:crt0init.obj
 0002:00000c6c       ??_C@_0CP@HGDDIIGJ@Failed?5to?5open?5shutdown_event?5?8?$CF@ 0041dc6c     safe_kill_win.obj
 0002:00000ca4       ??_C@_0CN@CMFPHMBB@GetExitCodeProcess?5failed?0?5pid?$DN?5@ 0041dca4     safe_kill_win.obj
 0002:00000cdc       ??_C@_0DB@LNOEPMOI@Failed?5to?5signal?5shutdown_event?5@ 0041dcdc     safe_kill_win.obj
 0002:00000d18       ??_C@_0BB@EHIIGHNN@safe_process?$FL?$CFd?$FN?$AA@ 0041dd18     safe_kill_win.obj
 0002:00000d2c       ??_C@_0BB@LKGJBGIO@safe_kill?5?$DMpid?$DO?6?$AA@ 0041dd2c     safe_kill_win.obj
 0002:00000d40       ??_C@_0P@MIGLKIOC@CorExitProcess?$AA@ 0041dd40     LIBCMT:crt0dat.obj
 0002:00000d50       ??_C@_0M@MBOPBNBK@mscoree?4dll?$AA@ 0041dd50     LIBCMT:crt0dat.obj
 0002:00000d5c       ??_C@_1O@CEDCILHN@?$AA?$CI?$AAn?$AAu?$AAl?$AAl?$AA?$CJ?$AA?$AA@ 0041dd5c     LIBCMT:output.obj
 0002:00000d6c       ??_C@_06OJHGLDPL@?$CInull?$CJ?$AA@ 0041dd6c     LIBCMT:output.obj
 0002:00000d74       ?ProcessDetach@NativeDll@<CrtImplementationDetails>@@0IB 0041dd74     LIBCMT:output.obj
 0002:00000d78       ?ProcessAttach@NativeDll@<CrtImplementationDetails>@@0IB 0041dd78     LIBCMT:output.obj
 0002:00000d7c       ?ThreadAttach@NativeDll@<CrtImplementationDetails>@@0IB 0041dd7c     LIBCMT:output.obj
 0002:00000d80       ?ThreadDetach@NativeDll@<CrtImplementationDetails>@@0IB 0041dd80     LIBCMT:output.obj
 0002:00000d84       ?ProcessVerifier@NativeDll@<CrtImplementationDetails>@@0IB 0041dd84     LIBCMT:output.obj
 0002:00000d88       ___lookuptable             0041dd88     LIBCMT:output.obj
 0002:00000de4       ??_C@_07EPKMNAGK@?4mixcrt?$AA@ 0041dde4     LIBCMT:tidtable.obj
 0002:00000dec       ??_C@_0O@NLDKAIKN@EncodePointer?$AA@ 0041ddec     LIBCMT:tidtable.obj
 0002:00000dfc       ??_C@_0N@NHGLKGEC@KERNEL32?4DLL?$AA@ 0041ddfc     LIBCMT:tidtable.obj
 0002:00000e0c       ??_C@_0O@KBPMFGHI@DecodePointer?$AA@ 0041de0c     LIBCMT:tidtable.obj
 0002:00000e1c       ??_C@_07PEJMOBNF@FlsFree?$AA@ 0041de1c     LIBCMT:tidtable.obj
 0002:00000e24       ??_C@_0M@JCPCPOEF@FlsSetValue?$AA@ 0041de24     LIBCMT:tidtable.obj
 0002:00000e30       ??_C@_0M@GDNOONDI@FlsGetValue?$AA@ 0041de30     LIBCMT:tidtable.obj
 0002:00000e3c       ??_C@_08KNHFBNJ@FlsAlloc?$AA@ 0041de3c     LIBCMT:tidtable.obj
 0002:00000e48       ??_C@_0P@GGKDKEEG@runtime?5error?5?$AA@ 0041de48     LIBCMT:crt0msg.obj
 0002:00000e58       ??_C@_02PCIJFNDE@?$AN?6?$AA@ 0041de58     LIBCMT:crt0msg.obj
 0002:00000e5c       ??_C@_0O@MJNIPGOH@TLOSS?5error?$AN?6?$AA@ 0041de5c     LIBCMT:crt0msg.obj
 0002:00000e6c       ??_C@_0N@BONNPDHF@SING?5error?$AN?6?$AA@ 0041de6c     LIBCMT:crt0msg.obj
 0002:00000e7c       ??_C@_0P@MBDAJNE@DOMAIN?5error?$AN?6?$AA@ 0041de7c     LIBCMT:crt0msg.obj
 0002:00000e90       ??_C@_0JL@DFDOOABL@R6034?$AN?6An?5application?5has?5made?5a@ 0041de90     LIBCMT:crt0msg.obj
 0002:00000f30       ??_C@_0PH@EPAFIJ@R6033?$AN?6?9?5Attempt?5to?5use?5MSIL?5cod@ 0041df30     LIBCMT:crt0msg.obj
 0002:00001028       ??_C@_0DD@BKEEABMM@R6032?$AN?6?9?5not?5enough?5space?5for?5lo@ 0041e028     LIBCMT:crt0msg.obj
 0002:00001060       ??_C@_0GD@OFKILIED@R6031?$AN?6?9?5Attempt?5to?5initialize?5t@ 0041e060     LIBCMT:crt0msg.obj
 0002:000010c4       ??_C@_0BP@LPMHJOKI@R6030?$AN?6?9?5CRT?5not?5initialized?$AN?6?$AA@ 0041e0c4     LIBCMT:crt0msg.obj
 0002:000010e4       ??_C@_0CF@KJDAIALP@R6028?$AN?6?9?5unable?5to?5initialize?5he@ 0041e0e4     LIBCMT:crt0msg.obj
 0002:0000110c       ??_C@_0DF@GAKBPDFP@R6027?$AN?6?9?5not?5enough?5space?5for?5lo@ 0041e10c     LIBCMT:crt0msg.obj
 0002:00001144       ??_C@_0DF@IBLNNAIG@R6026?$AN?6?9?5not?5enough?5space?5for?5st@ 0041e144     LIBCMT:crt0msg.obj
 0002:0000117c       ??_C@_0CG@IOHKGFNJ@R6025?$AN?6?9?5pure?5virtual?5function?5c@ 0041e17c     LIBCMT:crt0msg.obj
 0002:000011a4       ??_C@_0DF@JIJJFJDC@R6024?$AN?6?9?5not?5enough?5space?5for?5_o@ 0041e1a4     LIBCMT:crt0msg.obj
 0002:000011dc       ??_C@_0CJ@EGEJHFME@R6019?$AN?6?9?5unable?5to?5open?5console?5@ 0041e1dc     LIBCMT:crt0msg.obj
 0002:00001208       ??_C@_0CB@GNHNIELH@R6018?$AN?6?9?5unexpected?5heap?5error?$AN?6@ 0041e208     LIBCMT:crt0msg.obj
 0002:0000122c       ??_C@_0CN@FOLDKNG@R6017?$AN?6?9?5unexpected?5multithread?5@ 0041e22c     LIBCMT:crt0msg.obj
 0002:0000125c       ??_C@_0CM@FAHFJNHO@R6016?$AN?6?9?5not?5enough?5space?5for?5th@ 0041e25c     LIBCMT:crt0msg.obj
 0002:00001288       ??_C@_0JG@LBKMGKLD@?$AN?6This?5application?5has?5requested@ 0041e288     LIBCMT:crt0msg.obj
 0002:00001320       ??_C@_0CM@FLCNIPKK@R6009?$AN?6?9?5not?5enough?5space?5for?5en@ 0041e320     LIBCMT:crt0msg.obj
 0002:0000134c       ??_C@_0CK@KMMJOAPP@R6008?$AN?6?9?5not?5enough?5space?5for?5ar@ 0041e34c     LIBCMT:crt0msg.obj
 0002:00001378       ??_C@_0CN@LEKKICBM@R6002?$AN?6?9?5floating?5point?5support?5@ 0041e378     LIBCMT:crt0msg.obj
 0002:000013a8       ??_C@_0CF@GOGNBNAK@Microsoft?5Visual?5C?$CL?$CL?5Runtime?5Lib@ 0041e3a8     LIBCMT:crt0msg.obj
 0002:000013d0       ??_C@_02PHMGELLB@?6?6?$AA@ 0041e3d0     LIBCMT:crt0msg.obj
 0002:000013d4       ??_C@_03KHICJKCI@?4?4?4?$AA@ 0041e3d4     LIBCMT:crt0msg.obj
 0002:000013d8       ??_C@_0BH@DNAGHKFM@?$DMprogram?5name?5unknown?$DO?$AA@ 0041e3d8     LIBCMT:crt0msg.obj
 0002:000013f0       ??_C@_0BK@OFGJDLJJ@Runtime?5Error?$CB?6?6Program?3?5?$AA@ 0041e3f0     LIBCMT:crt0msg.obj
 0002:0000140c       ??_C@_0BC@JEAENNKH@SystemFunction036?$AA@ 0041e40c     LIBCMT:rand_s.obj
 0002:00001420       ??_C@_0N@JJPEKNFO@ADVAPI32?4DLL?$AA@ 0041e420     LIBCMT:rand_s.obj
 0002:00001430       ??_C@_0CG@PKBDLMEO@InitializeCriticalSectionAndSpin@ 0041e430     LIBCMT:initcrit.obj
 0002:00001458       ??_C@_0N@MDJJJHMB@kernel32?4dll?$AA@ 0041e458     LIBCMT:initcrit.obj
 0002:00001470       ??_C@_07LCBHPJJN@LC_TIME?$AA@ 0041e470     LIBCMT:setlocal.obj
 0002:00001478       ??_C@_0L@DLHIECNL@LC_NUMERIC?$AA@ 0041e478     LIBCMT:setlocal.obj
 0002:00001484       ??_C@_0M@MIENIKLA@LC_MONETARY?$AA@ 0041e484     LIBCMT:setlocal.obj
 0002:00001490       ??_C@_08EADHIDAD@LC_CTYPE?$AA@ 0041e490     LIBCMT:setlocal.obj
 0002:0000149c       ??_C@_0L@KFJHEKIK@LC_COLLATE?$AA@ 0041e49c     LIBCMT:setlocal.obj
 0002:000014a8       ??_C@_06NEFDFEKB@LC_ALL?$AA@ 0041e4a8     LIBCMT:setlocal.obj
 0002:000014b0       ___lc_category             0041e4b0     LIBCMT:setlocal.obj
 0002:00001578       ??_C@_03EGDHDPFD@_?4?0?$AA@ 0041e578     LIBCMT:setlocal.obj
 0002:0000157c       ??_C@_01LFCBOECM@?4?$AA@   0041e57c     LIBCMT:setlocal.obj
 0002:00001580       ??_C@_01IDAFKMJL@_?$AA@    0041e580     LIBCMT:setlocal.obj
 0002:00001584       ??_C@_01ICJEACDI@?$DL?$AA@ 0041e584     LIBCMT:setlocal.obj
 0002:00001588       ??_C@_01NEMOKFLO@?$DN?$AA@ 0041e588     LIBCMT:setlocal.obj
 0002:0000158a       ??_C@_00CNPNBAHC@?$AA@     0041e58a     LIBCMT:setlocal.obj
 0002:0000158c       ??_C@_01GFHCPBMG@C?$AA@    0041e58c     LIBCMT:setlocal.obj
 0002:00001590       ??_C@_02BALPLPBG@?$DN?$DL?$AA@ 0041e590     LIBCMT:setlocal.obj
 0002:00001594       ??_C@_0BI@DFKBFLJE@GetProcessWindowStation?$AA@ 0041e594     LIBCMT:crtmbox.obj
 0002:000015ac       ??_C@_0BK@CIDNPOGP@GetUserObjectInformationA?$AA@ 0041e5ac     LIBCMT:crtmbox.obj
 0002:000015c8       ??_C@_0BD@HHGDFDBJ@GetLastActivePopup?$AA@ 0041e5c8     LIBCMT:crtmbox.obj
 0002:000015dc       ??_C@_0BA@HNOPNCHB@GetActiveWindow?$AA@ 0041e5dc     LIBCMT:crtmbox.obj
 0002:000015ec       ??_C@_0M@CHKKJDAI@MessageBoxA?$AA@ 0041e5ec     LIBCMT:crtmbox.obj
 0002:000015f8       ??_C@_0L@NDEGIDAG@USER32?4DLL?$AA@ 0041e5f8     LIBCMT:crtmbox.obj
 0002:00001608       ___lookuptable_s           0041e608     LIBCMT:outputs.obj
 0002:00001664       ??_C@_13NOLLCAOD@?$AA?$AA?$AA?$AA@ 0041e664     LIBCMT:a_map.obj
 0002:00001668       ___newctype                0041e668     LIBCMT:ctype.obj
 0002:00001968       __wctype                   0041e968     LIBCMT:ctype.obj
 0002:00001b70       ___newclmap                0041eb70     LIBCMT:ctype.obj
 0002:00001cf0       ___newcumap                0041ecf0     LIBCMT:ctype.obj
 0002:00001e70       ??_C@_08JCCMCCIL@HH?3mm?3ss?$AA@ 0041ee70     LIBCMT:strftime.obj
 0002:00001e7c       ??_C@_0BE@CKGJFCPC@dddd?0?5MMMM?5dd?0?5yyyy?$AA@ 0041ee7c     LIBCMT:strftime.obj
 0002:00001e90       ??_C@_08BPBNCDIB@MM?1dd?1yy?$AA@ 0041ee90     LIBCMT:strftime.obj
 0002:00001e9c       ??_C@_02CJNFDJBF@PM?$AA@   0041ee9c     LIBCMT:strftime.obj
 0002:00001ea0       ??_C@_02DEDBPAFC@AM?$AA@   0041eea0     LIBCMT:strftime.obj
 0002:00001ea4       ??_C@_08EDHMEBNP@December?$AA@ 0041eea4     LIBCMT:strftime.obj
 0002:00001eb0       ??_C@_08HCHEGEOA@November?$AA@ 0041eeb0     LIBCMT:strftime.obj
 0002:00001ebc       ??_C@_07JJNFCEND@October?$AA@ 0041eebc     LIBCMT:strftime.obj
 0002:00001ec4       ??_C@_09BHHEALKD@September?$AA@ 0041eec4     LIBCMT:strftime.obj
 0002:00001ed0       ??_C@_06LBBHFDDG@August?$AA@ 0041eed0     LIBCMT:strftime.obj
 0002:00001ed8       ??_C@_04MIEPOIFP@July?$AA@ 0041eed8     LIBCMT:strftime.obj
 0002:00001ee0       ??_C@_04CNLMGBGM@June?$AA@ 0041eee0     LIBCMT:strftime.obj
 0002:00001ee8       ??_C@_05DMJDNLEJ@April?$AA@ 0041eee8     LIBCMT:strftime.obj
 0002:00001ef0       ??_C@_05HPCKOFNC@March?$AA@ 0041eef0     LIBCMT:strftime.obj
 0002:00001ef8       ??_C@_08GNJGEPFN@February?$AA@ 0041eef8     LIBCMT:strftime.obj
 0002:00001f04       ??_C@_07CGJPFGJA@January?$AA@ 0041ef04     LIBCMT:strftime.obj
 0002:00001f0c       ??_C@_03MKABNOCG@Dec?$AA@  0041ef0c     LIBCMT:strftime.obj
 0002:00001f10       ??_C@_03JPJOFNIA@Nov?$AA@  0041ef10     LIBCMT:strftime.obj
 0002:00001f14       ??_C@_03BMAOKBAD@Oct?$AA@  0041ef14     LIBCMT:strftime.obj
 0002:00001f18       ??_C@_03GGCAPAJC@Sep?$AA@  0041ef18     LIBCMT:strftime.obj
 0002:00001f1c       ??_C@_03IFJFEIGA@Aug?$AA@  0041ef1c     LIBCMT:strftime.obj
 0002:00001f20       ??_C@_03LBGABGKK@Jul?$AA@  0041ef20     LIBCMT:strftime.obj
 0002:00001f24       ??_C@_03IDFGHECI@Jun?$AA@  0041ef24     LIBCMT:strftime.obj
 0002:00001f28       ??_C@_03CNMDKL@May?$AA@    0041ef28     LIBCMT:strftime.obj
 0002:00001f2c       ??_C@_03LEOLGMJP@Apr?$AA@  0041ef2c     LIBCMT:strftime.obj
 0002:00001f30       ??_C@_03ODNJBKGA@Mar?$AA@  0041ef30     LIBCMT:strftime.obj
 0002:00001f34       ??_C@_03HJBDCHOM@Feb?$AA@  0041ef34     LIBCMT:strftime.obj
 0002:00001f38       ??_C@_03JIHJHPIE@Jan?$AA@  0041ef38     LIBCMT:strftime.obj
 0002:00001f3c       ??_C@_08INBOOONO@Saturday?$AA@ 0041ef3c     LIBCMT:strftime.obj
 0002:00001f48       ??_C@_06JECMNKMI@Friday?$AA@ 0041ef48     LIBCMT:strftime.obj
 0002:00001f50       ??_C@_08HACCIKIA@Thursday?$AA@ 0041ef50     LIBCMT:strftime.obj
 0002:00001f5c       ??_C@_09DLIGFAKA@Wednesday?$AA@ 0041ef5c     LIBCMT:strftime.obj
 0002:00001f68       ??_C@_07BAAGCFCM@Tuesday?$AA@ 0041ef68     LIBCMT:strftime.obj
 0002:00001f70       ??_C@_06JLEDEDGH@Monday?$AA@ 0041ef70     LIBCMT:strftime.obj
 0002:00001f78       ??_C@_06OOPIFAJ@Sunday?$AA@ 0041ef78     LIBCMT:strftime.obj
 0002:00001f80       ??_C@_03FEFJNEK@Sat?$AA@   0041ef80     LIBCMT:strftime.obj
 0002:00001f84       ??_C@_03IDIOELNC@Fri?$AA@  0041ef84     LIBCMT:strftime.obj
 0002:00001f88       ??_C@_03IOFIKPDN@Thu?$AA@  0041ef88     LIBCMT:strftime.obj
 0002:00001f8c       ??_C@_03MHOMLAJA@Wed?$AA@  0041ef8c     LIBCMT:strftime.obj
 0002:00001f90       ??_C@_03NAGEINEP@Tue?$AA@  0041ef90     LIBCMT:strftime.obj
 0002:00001f94       ??_C@_03PDAGKDH@Mon?$AA@   0041ef94     LIBCMT:strftime.obj
 0002:00001f98       ??_C@_03KOEHGMDN@Sun?$AA@  0041ef98     LIBCMT:strftime.obj
 0002:00001f9c       ??_C@_03EBAPMIKO@a?1p?$AA@ 0041ef9c     LIBCMT:strftime.obj
 0002:00001fa0       ??_C@_05JAMEPDIN@am?1pm?$AA@ 0041efa0     LIBCMT:strftime.obj
 0002:00001fa8       ??_C@_0O@FMJNFNKE@united?9states?$AA@ 0041efa8     LIBCMT:getqloc.obj
 0002:00001fb8       ??_C@_0P@NDHFFKCA@united?9kingdom?$AA@ 0041efb8     LIBCMT:getqloc.obj
 0002:00001fc8       ??_C@_0BC@HHDADLGF@trinidad?5?$CG?5tobago?$AA@ 0041efc8     LIBCMT:getqloc.obj
 0002:00001fdc       ??_C@_0M@IOAEBDAC@south?9korea?$AA@ 0041efdc     LIBCMT:getqloc.obj
 0002:00001fe8       ??_C@_0N@FIELFKIJ@south?9africa?$AA@ 0041efe8     LIBCMT:getqloc.obj
 0002:00001ff8       ??_C@_0M@OPNDHCMC@south?5korea?$AA@ 0041eff8     LIBCMT:getqloc.obj
 0002:00002004       ??_C@_0N@MDEOEPFI@south?5africa?$AA@ 0041f004     LIBCMT:getqloc.obj
 0002:00002014       ??_C@_06FKAPCJLB@slovak?$AA@ 0041f014     LIBCMT:getqloc.obj
 0002:0000201c       ??_C@_0M@EFJANOAL@puerto?9rico?$AA@ 0041f01c     LIBCMT:getqloc.obj
 0002:00002028       ??_C@_08PGOJKDAI@pr?9china?$AA@ 0041f028     LIBCMT:getqloc.obj
 0002:00002034       ??_C@_08JHDOMCMI@pr?5china?$AA@ 0041f034     LIBCMT:getqloc.obj
 0002:00002040       ??_C@_02JHCHFBLL@nz?$AA@   0041f040     LIBCMT:getqloc.obj
 0002:00002044       ??_C@_0M@LINHDHKP@new?9zealand?$AA@ 0041f044     LIBCMT:getqloc.obj
 0002:00002050       ??_C@_09IIIPPBDB@hong?9kong?$AA@ 0041f050     LIBCMT:getqloc.obj
 0002:0000205c       ??_C@_07HJLCKBG@holland?$AA@ 0041f05c     LIBCMT:getqloc.obj
 0002:00002064       ??_C@_0O@LEHGMHAG@great?5britain?$AA@ 0041f064     LIBCMT:getqloc.obj
 0002:00002074       ??_C@_07FACOMELA@england?$AA@ 0041f074     LIBCMT:getqloc.obj
 0002:0000207c       ??_C@_05JIHCEICB@czech?$AA@ 0041f07c     LIBCMT:getqloc.obj
 0002:00002084       ??_C@_05BBJOBLGB@china?$AA@ 0041f084     LIBCMT:getqloc.obj
 0002:0000208c       ??_C@_07GPKPHICP@britain?$AA@ 0041f08c     LIBCMT:getqloc.obj
 0002:00002094       ??_C@_07MHIPBHMG@america?$AA@ 0041f094     LIBCMT:getqloc.obj
 0002:0000209c       ??_C@_03KIALPMKC@usa?$AA@  0041f09c     LIBCMT:getqloc.obj
 0002:000020a0       ??_C@_02FGJGKGGD@us?$AA@   0041f0a0     LIBCMT:getqloc.obj
 0002:000020a4       ??_C@_02NEINDODK@uk?$AA@   0041f0a4     LIBCMT:getqloc.obj
 0002:000020a8       ??_C@_05JMPCFJFJ@swiss?$AA@ 0041f0a8     LIBCMT:getqloc.obj
 0002:000020b0       ??_C@_0BA@HLOCPIOD@swedish?9finland?$AA@ 0041f0b0     LIBCMT:getqloc.obj
 0002:000020c0       ??_C@_0BC@PKCNIABK@spanish?9venezuela?$AA@ 0041f0c0     LIBCMT:getqloc.obj
 0002:000020d4       ??_C@_0BA@GBHHMIJI@spanish?9uruguay?$AA@ 0041f0d4     LIBCMT:getqloc.obj
 0002:000020e4       ??_C@_0BE@BHDOHPMC@spanish?9puerto?5rico?$AA@ 0041f0e4     LIBCMT:getqloc.obj
 0002:000020f8       ??_C@_0N@KMOIDGGN@spanish?9peru?$AA@ 0041f0f8     LIBCMT:getqloc.obj
 0002:00002108       ??_C@_0BB@HMHLPGPH@spanish?9paraguay?$AA@ 0041f108     LIBCMT:getqloc.obj
 0002:0000211c       ??_C@_0P@MCPKNGFD@spanish?9panama?$AA@ 0041f11c     LIBCMT:getqloc.obj
 0002:0000212c       ??_C@_0BC@IHOHGAIL@spanish?9nicaragua?$AA@ 0041f12c     LIBCMT:getqloc.obj
 0002:00002140       ??_C@_0P@KLMJDNFJ@spanish?9modern?$AA@ 0041f140     LIBCMT:getqloc.obj
 0002:00002150       ??_C@_0BA@BPAPGBCM@spanish?9mexican?$AA@ 0041f150     LIBCMT:getqloc.obj
 0002:00002160       ??_C@_0BB@PDECHHHE@spanish?9honduras?$AA@ 0041f160     LIBCMT:getqloc.obj
 0002:00002174       ??_C@_0BC@KLHKFGDB@spanish?9guatemala?$AA@ 0041f174     LIBCMT:getqloc.obj
 0002:00002188       ??_C@_0BE@MFOOKJAI@spanish?9el?5salvador?$AA@ 0041f188     LIBCMT:getqloc.obj
 0002:0000219c       ??_C@_0BA@FCOKFPFC@spanish?9ecuador?$AA@ 0041f19c     LIBCMT:getqloc.obj
 0002:000021ac       ??_C@_0BL@PLMGIMOO@spanish?9dominican?5republic?$AA@ 0041f1ac     LIBCMT:getqloc.obj
 0002:000021c8       ??_C@_0BD@HLGDNMHB@spanish?9costa?5rica?$AA@ 0041f1c8     LIBCMT:getqloc.obj
 0002:000021dc       ??_C@_0BB@PKCBKCPE@spanish?9colombia?$AA@ 0041f1dc     LIBCMT:getqloc.obj
 0002:000021f0       ??_C@_0O@MCBIJGNE@spanish?9chile?$AA@ 0041f1f0     LIBCMT:getqloc.obj
 0002:00002200       ??_C@_0BA@BEFEIGJJ@spanish?9bolivia?$AA@ 0041f200     LIBCMT:getqloc.obj
 0002:00002210       ??_C@_0BC@EMECMPD@spanish?9argentina?$AA@ 0041f210     LIBCMT:getqloc.obj
 0002:00002224       ??_C@_0BF@EALFLENP@portuguese?9brazilian?$AA@ 0041f224     LIBCMT:getqloc.obj
 0002:0000223c       ??_C@_0BC@HBLEBLNN@norwegian?9nynorsk?$AA@ 0041f23c     LIBCMT:getqloc.obj
 0002:00002250       ??_C@_0BB@HMACDDCK@norwegian?9bokmal?$AA@ 0041f250     LIBCMT:getqloc.obj
 0002:00002264       ??_C@_09BAFFPPHE@norwegian?$AA@ 0041f264     LIBCMT:getqloc.obj
 0002:00002270       ??_C@_0O@EAJFJDFG@italian?9swiss?$AA@ 0041f270     LIBCMT:getqloc.obj
 0002:00002280       ??_C@_0O@CNOMPGD@irish?9english?$AA@ 0041f280     LIBCMT:getqloc.obj
 0002:00002290       ??_C@_0N@EDHBGCKG@german?9swiss?$AA@ 0041f290     LIBCMT:getqloc.obj
 0002:000022a0       ??_C@_0BC@JACMHNBP@german?9luxembourg?$AA@ 0041f2a0     LIBCMT:getqloc.obj
 0002:000022b4       ??_C@_0BE@HBGMGFEG@german?9lichtenstein?$AA@ 0041f2b4     LIBCMT:getqloc.obj
 0002:000022c8       ??_C@_0BA@HKKBIBKL@german?9austrian?$AA@ 0041f2c8     LIBCMT:getqloc.obj
 0002:000022d8       ??_C@_0N@GCAEPEBK@french?9swiss?$AA@ 0041f2d8     LIBCMT:getqloc.obj
 0002:000022e8       ??_C@_0BC@DJFJJCK@french?9luxembourg?$AA@ 0041f2e8     LIBCMT:getqloc.obj
 0002:000022fc       ??_C@_0BA@NNCEDFIC@french?9canadian?$AA@ 0041f2fc     LIBCMT:getqloc.obj
 0002:0000230c       ??_C@_0P@CMPOCLM@french?9belgian?$AA@ 0041f30c     LIBCMT:getqloc.obj
 0002:0000231c       ??_C@_0M@GHHDJOK@english?9usa?$AA@ 0041f31c     LIBCMT:getqloc.obj
 0002:00002328       ??_C@_0L@PLDJKEIL@english?9us?$AA@ 0041f328     LIBCMT:getqloc.obj
 0002:00002334       ??_C@_0L@HJCCDMNC@english?9uk?$AA@ 0041f334     LIBCMT:getqloc.obj
 0002:00002340       ??_C@_0BK@CKLIAGJB@english?9trinidad?5y?5tobago?$AA@ 0041f340     LIBCMT:getqloc.obj
 0002:0000235c       ??_C@_0BF@JMJMGNNF@english?9south?5africa?$AA@ 0041f35c     LIBCMT:getqloc.obj
 0002:00002374       ??_C@_0L@DKIIFDFD@english?9nz?$AA@ 0041f374     LIBCMT:getqloc.obj
 0002:00002380       ??_C@_0BA@ONHGJCLH@english?9jamaica?$AA@ 0041f380     LIBCMT:getqloc.obj
 0002:00002390       ??_C@_0M@HJBGHOPO@english?9ire?$AA@ 0041f390     LIBCMT:getqloc.obj
 0002:0000239c       ??_C@_0BC@LFEKMIFB@english?9caribbean?$AA@ 0041f39c     LIBCMT:getqloc.obj
 0002:000023b0       ??_C@_0M@OLDPFKHI@english?9can?$AA@ 0041f3b0     LIBCMT:getqloc.obj
 0002:000023bc       ??_C@_0P@OMDEHBMP@english?9belize?$AA@ 0041f3bc     LIBCMT:getqloc.obj
 0002:000023cc       ??_C@_0M@KFHFPFED@english?9aus?$AA@ 0041f3cc     LIBCMT:getqloc.obj
 0002:000023d8       ??_C@_0BB@MNMBKDFE@english?9american?$AA@ 0041f3d8     LIBCMT:getqloc.obj
 0002:000023ec       ??_C@_0O@KIDLNNBA@dutch?9belgian?$AA@ 0041f3ec     LIBCMT:getqloc.obj
 0002:000023fc       ??_C@_0BE@JBKABBMH@chinese?9traditional?$AA@ 0041f3fc     LIBCMT:getqloc.obj
 0002:00002410       ??_C@_0BC@MJJMPKCG@chinese?9singapore?$AA@ 0041f410     LIBCMT:getqloc.obj
 0002:00002424       ??_C@_0BD@FDKADDCP@chinese?9simplified?$AA@ 0041f424     LIBCMT:getqloc.obj
 0002:00002438       ??_C@_0BB@DBEFDDME@chinese?9hongkong?$AA@ 0041f438     LIBCMT:getqloc.obj
 0002:0000244c       ??_C@_07DHNMFMCI@chinese?$AA@ 0041f44c     LIBCMT:getqloc.obj
 0002:00002454       ??_C@_03FNDDCHI@chi?$AA@   0041f454     LIBCMT:getqloc.obj
 0002:00002458       ??_C@_03BMMIADDJ@chh?$AA@  0041f458     LIBCMT:getqloc.obj
 0002:0000245c       ??_C@_08OAIPJDGI@canadian?$AA@ 0041f45c     LIBCMT:getqloc.obj
 0002:00002468       ??_C@_07HBPMNPNJ@belgian?$AA@ 0041f468     LIBCMT:getqloc.obj
 0002:00002470       ??_C@_0L@OEKOPBEL@australian?$AA@ 0041f470     LIBCMT:getqloc.obj
 0002:0000247c       ??_C@_0BB@MEIMBEDG@american?9english?$AA@ 0041f47c     LIBCMT:getqloc.obj
 0002:00002490       ??_C@_0BB@DFMDPDGB@american?5english?$AA@ 0041f490     LIBCMT:getqloc.obj
 0002:000024a4       ??_C@_08IJLOKOLL@american?$AA@ 0041f4a4     LIBCMT:getqloc.obj
 0002:000024b0       ___rg_language             0041f4b0     LIBCMT:getqloc.obj
 0002:000026b8       ___rg_country              0041f6b8     LIBCMT:getqloc.obj
 0002:00002770       ___rglangidNotDefault      0041f770     LIBCMT:getqloc.obj
 0002:00002784       ??_C@_03NFKLAGEF@OCP?$AA@  0041f784     LIBCMT:getqloc.obj
 0002:00002788       ??_C@_03DFHEHBHG@ACP?$AA@  0041f788     LIBCMT:getqloc.obj
 0002:0000278c       ??_C@_0BC@NFIEMBLL@Norwegian?9Nynorsk?$AA@ 0041f78c     LIBCMT:getqloc.obj
 0002:000027a0       ??_C@_06GDENEHCP@CONIN$?$AA@ 0041f7a0     LIBCMT:initcon.obj
 0002:000027a8       ??_C@_07GPDNMNG@CONOUT$?$AA@ 0041f7a8     LIBCMT:initcon.obj
 0002:000027b0       ___dnames                  0041f7b0     LIBCMT:timeset.obj
 0002:000027c8       ___mnames                  0041f7c8     LIBCMT:timeset.obj
 0002:000027f0       ??_C@_02CLFPBFFP@TZ?$AA@   0041f7f0     LIBCMT:tzset.obj
 0002:000027f8       __load_config_used         0041f7f8     LIBCMT:loadcfg.obj
 0002:00003060       ___safe_se_handler_table   00420060     <linker-defined>
 0002:00003170       ___rtc_iaa                 00420170     LIBCMT:initsect.obj
 0002:00003274       ___rtc_izz                 00420274     LIBCMT:initsect.obj
 0002:00003378       ___rtc_taa                 00420378     LIBCMT:initsect.obj
 0002:0000347c       ___rtc_tzz                 0042047c     LIBCMT:initsect.obj
 0003:00000000       __aexit_rtn                00421000     LIBCMT:crt0dat.obj
 0003:00000008       __iob                      00421008     LIBCMT:_file.obj
 0003:00000288       ___security_cookie         00421288     LIBCMT:gs_cookie.obj
 0003:0000028c       ___security_cookie_complement 0042128c     LIBCMT:gs_cookie.obj
 0003:00000290       ___app_type                00421290     LIBCMT:crt0.obj
 0003:00000294       ___nullstring              00421294     LIBCMT:output.obj
 0003:00000298       ___wnullstring             00421298     LIBCMT:output.obj
 0003:00000410       ___flsindex                00421410     LIBCMT:tidtable.obj
 0003:00000414       ___getvalueindex           00421414     LIBCMT:tidtable.obj
 0003:000005f0       __cfltcvt_tab              004215f0     LIBCMT:cmiscdat.obj
 0003:00000618       __XcptActTab               00421618     LIBCMT:winxfltr.obj
 0003:00000690       __First_FPE_Indx           00421690     LIBCMT:winxfltr.obj
 0003:00000694       __Num_FPE                  00421694     LIBCMT:winxfltr.obj
 0003:00000698       __XcptActTabSize           00421698     LIBCMT:winxfltr.obj
 0003:0000069c       __XcptActTabCount          0042169c     LIBCMT:winxfltr.obj
 0003:000006a0       ___badioinfo               004216a0     LIBCMT:ioinit.obj
 0003:000006e0       __amblksiz                 004216e0     LIBCMT:heapinit.obj
 0003:000006e8       ___initialmbcinfo          004216e8     LIBCMT:mbctype.obj
 0003:00000908       __mbctype                  00421908     LIBCMT:mbctype.obj
 0003:00000a10       __mbcasemap                00421a10     LIBCMT:mbctype.obj
 0003:00000b10       ___ptmbcinfo               00421b10     LIBCMT:mbctype.obj
 0003:00000c0c       ___globallocalestatus      00421c0c     LIBCMT:glstatus.obj
 0003:00000c10       ___clocalestr              00421c10     LIBCMT:nlsdata2.obj
 0003:00000c18       ___initiallocinfo          00421c18     LIBCMT:nlsdata2.obj
 0003:00000cf0       ___ptlocinfo               00421cf0     LIBCMT:nlsdata2.obj
 0003:00000cf4       ___lc_clike                00421cf4     LIBCMT:nlsdata2.obj
 0003:00000cf8       ___initiallocalestructinfo 00421cf8     LIBCMT:nlsdata2.obj
 0003:00000d00       ___abort_behavior          00421d00     LIBCMT:abort.obj
 0003:00000d08       __pctype                   00421d08     LIBCMT:ctype.obj
 0003:00000d0c       __pwctype                  00421d0c     LIBCMT:ctype.obj
 0003:00000d10       ___lc_time_c               00421d10     LIBCMT:strftime.obj
 0003:00000dc8       ___lc_time_curr            00421dc8     LIBCMT:strftime.obj
 0003:00000dcc       ___lconv_static_decimal    00421dcc     LIBCMT:lconv.obj
 0003:00000dd0       ___lconv_c                 00421dd0     LIBCMT:lconv.obj
 0003:00000e00       ___lconv                   00421e00     LIBCMT:lconv.obj
 0003:00000e04       ___mb_cur_max              00421e04     LIBCMT:nlsdata1.obj
 0003:00000e08       ___decimal_point           00421e08     LIBCMT:nlsdata1.obj
 0003:00000e0c       ___decimal_point_length    00421e0c     LIBCMT:nlsdata1.obj
 0003:00000e10       __NLG_Destination          00421e10     LIBCMT:exsup.obj
 0003:00000e20       __coninpfh                 00421e20     LIBCMT:initcon.obj
 0003:00000e24       __confh                    00421e24     LIBCMT:initcon.obj
 0003:00000e28       __timezone                 00421e28     LIBCMT:timeset.obj
 0003:00000e2c       __daylight                 00421e2c     LIBCMT:timeset.obj
 0003:00000e30       __dstbias                  00421e30     LIBCMT:timeset.obj
 0003:00000eb8       __tzname                   00421eb8     LIBCMT:timeset.obj
 0003:00000ee0       __lpdays                   00421ee0     LIBCMT:days.obj
 0003:00000f14       __days                     00421f14     LIBCMT:days.obj
 0003:00001360       __umaskval                 00422360     LIBCMT:crt0dat.obj
 0003:00001364       __osplatform               00422364     LIBCMT:crt0dat.obj
 0003:00001368       __osver                    00422368     LIBCMT:crt0dat.obj
 0003:0000136c       __winver                   0042236c     LIBCMT:crt0dat.obj
 0003:00001370       __winmajor                 00422370     LIBCMT:crt0dat.obj
 0003:00001374       __winminor                 00422374     LIBCMT:crt0dat.obj
 0003:00001378       ___argc                    00422378     LIBCMT:crt0dat.obj
 0003:0000137c       ___argv                    0042237c     LIBCMT:crt0dat.obj
 0003:00001380       ___wargv                   00422380     LIBCMT:crt0dat.obj
 0003:00001384       __environ                  00422384     LIBCMT:crt0dat.obj
 0003:00001388       ___initenv                 00422388     LIBCMT:crt0dat.obj
 0003:0000138c       __wenviron                 0042238c     LIBCMT:crt0dat.obj
 0003:00001390       ___winitenv                00422390     LIBCMT:crt0dat.obj
 0003:00001394       __pgmptr                   00422394     LIBCMT:crt0dat.obj
 0003:00001398       __wpgmptr                  00422398     LIBCMT:crt0dat.obj
 0003:0000139c       __exitflag                 0042239c     LIBCMT:crt0dat.obj
 0003:000013a0       __C_Termination_Done       004223a0     LIBCMT:crt0dat.obj
 0003:000013a4       __C_Exit_Done              004223a4     LIBCMT:crt0dat.obj
 0003:000013a8       __cflush                   004223a8     LIBCMT:_file.obj
 0003:000013c0       __aenvptr                  004223c0     LIBCMT:crt0.obj
 0003:000013c4       __wenvptr                  004223c4     LIBCMT:crt0.obj
 0003:000013c8       ___error_mode              004223c8     LIBCMT:crt0.obj
 0003:000013cc       ___pInvalidArgHandler      004223cc     LIBCMT:invarg.obj
 0003:000013d0       _gpFlsAlloc                004223d0     LIBCMT:tidtable.obj
 0003:000013d4       _gpFlsGetValue             004223d4     LIBCMT:tidtable.obj
 0003:000013d8       _gpFlsSetValue             004223d8     LIBCMT:tidtable.obj
 0003:000013dc       _gpFlsFree                 004223dc     LIBCMT:tidtable.obj
 0003:00001848       ?__pInconsistency@@3P6AXXZA 00422848     LIBCMT:hooks.obj
 0003:00001858       ___pPurecall               00422858     LIBCMT:inithelp.obj
 0003:00001860       ?_pnhHeap@@3P6AHI@ZA       00422860     LIBCMT:handler.obj
 0003:00001864       __stdbuf                   00422864     LIBCMT:_sftbuf.obj
 0003:0000186c       __maxwait                  0042286c     LIBCMT:crtheap.obj
 0003:00001ca4       __crtheap                  00422ca4     LIBCMT:heapinit.obj
 0003:00001cac       ___mbulinfo                00422cac     LIBCMT:mbctype.obj
 0003:00001cb8       ___mbcodepage              00422cb8     LIBCMT:mbctype.obj
 0003:00001cbc       ___ismbcodepage            00422cbc     LIBCMT:mbctype.obj
 0003:00001cc0       ___mblcid                  00422cc0     LIBCMT:mbctype.obj
 0003:00001cc4       ___locale_changed          00422cc4     LIBCMT:setlocal.obj
 0003:00001cc8       ___lc_handle               00422cc8     LIBCMT:nlsdata2.obj
 0003:00001ce0       ___lc_codepage             00422ce0     LIBCMT:nlsdata2.obj
 0003:00001ce4       ___lc_collate_cp           00422ce4     LIBCMT:nlsdata2.obj
 0003:00001d08       ___sbh_pHeaderDefer        00422d08     LIBCMT:sbheap.obj
 0003:00001d14       ___lconv_static_null       00422d14     LIBCMT:lconv.obj
 0003:00001d18       __newmode                  00422d18     LIBCMT:_newmode.obj
 0003:00001de0       ___use_sse2_mathfcns       00422de0     <common>
 0003:00001df0       ___sse2_available          00422df0     <common>
 0003:00001df4       ___sbh_initialized         00422df4     <common>
 0003:00001e08       ___sbh_cntHeaderList       00422e08     <common>
 0003:00001e0c       ___sbh_pHeaderList         00422e0c     <common>
 0003:00001e10       ___sbh_threshold           00422e10     <common>
 0003:00001e14       ___sbh_pHeaderScan         00422e14     <common>
 0003:00001e18       ___sbh_sizeHeaderList      00422e18     <common>
 0003:00001e1c       ___sbh_indGroupDefer       00422e1c     <common>
 0003:00001e20       __debugger_hook_dummy      00422e20     <common>
 0003:00001e2c       ___setlc_active            00422e2c     <common>
 0003:00001e3c       ___unguarded_readlc_active 00422e3c     <common>
 0003:00001e40       ___active_heap             00422e40     <common>
 0003:00001e4c       __nhandle                  00422e4c     <common>
 0003:00001ea0       ___pioinfo                 00422ea0     <common>
 0003:00001fa0       __pDestructExceptionObject 00422fa0     <common>
 0003:00001fac       __acmdln                   00422fac     <common>
 0003:00001fb8       ___piob                    00422fb8     <common>
 0003:00002300       __bufin                    00423300     <common>
 0003:00003300       __nstream                  00424300     <common>
 0003:00003304       ___env_initialized         00424304     <common>
 0003:00003314       ___onexitend               00424314     <common>
 0003:00003318       ___onexitbegin             00424318     <common>
 0003:0000331c       ___mbctype_initialized     0042431c     <common>
 0003:00003320       __FPinit                   00424320     <common>
 0003:00003324       ___dyn_tls_init_callback   00424324     <common>
 0004:00000000       __IMPORT_DESCRIPTOR_KERNEL32 00425000     kernel32:KERNEL32.dll
 0004:00000014       __NULL_IMPORT_DESCRIPTOR   00425014     kernel32:KERNEL32.dll
 0004:000001fc       __imp__GetLastError@0      004251fc     kernel32:KERNEL32.dll
 0004:00000200       __imp__SetEvent@4          00425200     kernel32:KERNEL32.dll
 0004:00000204       __imp__Sleep@4             00425204     kernel32:KERNEL32.dll
 0004:00000208       __imp__CloseHandle@4       00425208     kernel32:KERNEL32.dll
 0004:0000020c       __imp__GetExitCodeProcess@8 0042520c     kernel32:KERNEL32.dll
 0004:00000210       __imp__OpenProcess@12      00425210     kernel32:KERNEL32.dll
 0004:00000214       __imp__OpenEventA@12       00425214     kernel32:KERNEL32.dll
 0004:00000218       __imp__GetProcAddress@8    00425218     kernel32:KERNEL32.dll
 0004:0000021c       __imp__GetModuleHandleA@4  0042521c     kernel32:KERNEL32.dll
 0004:00000220       __imp__ExitProcess@4       00425220     kernel32:KERNEL32.dll
 0004:00000224       __imp__EnterCriticalSection@4 00425224     kernel32:KERNEL32.dll
 0004:00000228       __imp__LeaveCriticalSection@4 00425228     kernel32:KERNEL32.dll
 0004:0000022c       __imp__SetConsoleCtrlHandler@8 0042522c     kernel32:KERNEL32.dll
 0004:00000230       __imp__GetCommandLineA@0   00425230     kernel32:KERNEL32.dll
 0004:00000234       __imp__HeapFree@12         00425234     kernel32:KERNEL32.dll
 0004:00000238       __imp__GetVersionExA@4     00425238     kernel32:KERNEL32.dll
 0004:0000023c       __imp__HeapAlloc@12        0042523c     kernel32:KERNEL32.dll
 0004:00000240       __imp__GetProcessHeap@0    00425240     kernel32:KERNEL32.dll
 0004:00000244       __imp__TerminateProcess@8  00425244     kernel32:KERNEL32.dll
 0004:00000248       __imp__GetCurrentProcess@0 00425248     kernel32:KERNEL32.dll
 0004:0000024c       __imp__UnhandledExceptionFilter@4 0042524c     kernel32:KERNEL32.dll
 0004:00000250       __imp__SetUnhandledExceptionFilter@4 00425250     kernel32:KERNEL32.dll
 0004:00000254       __imp__IsDebuggerPresent@0 00425254     kernel32:KERNEL32.dll
 0004:00000258       __imp__TlsGetValue@4       00425258     kernel32:KERNEL32.dll
 0004:0000025c       __imp__TlsAlloc@0          0042525c     kernel32:KERNEL32.dll
 0004:00000260       __imp__TlsSetValue@8       00425260     kernel32:KERNEL32.dll
 0004:00000264       __imp__TlsFree@4           00425264     kernel32:KERNEL32.dll
 0004:00000268       __imp__InterlockedIncrement@4 00425268     kernel32:KERNEL32.dll
 0004:0000026c       __imp__SetLastError@4      0042526c     kernel32:KERNEL32.dll
 0004:00000270       __imp__GetCurrentThreadId@0 00425270     kernel32:KERNEL32.dll
 0004:00000274       __imp__InterlockedDecrement@4 00425274     kernel32:KERNEL32.dll
 0004:00000278       __imp__GetCurrentThread@0  00425278     kernel32:KERNEL32.dll
 0004:0000027c       __imp__WriteFile@20        0042527c     kernel32:KERNEL32.dll
 0004:00000280       __imp__GetStdHandle@4      00425280     kernel32:KERNEL32.dll
 0004:00000284       __imp__GetModuleFileNameA@12 00425284     kernel32:KERNEL32.dll
 0004:00000288       __imp__DeleteCriticalSection@4 00425288     kernel32:KERNEL32.dll
 0004:0000028c       __imp__FatalAppExitA@8     0042528c     kernel32:KERNEL32.dll
 0004:00000290       __imp__FreeLibrary@4       00425290     kernel32:KERNEL32.dll
 0004:00000294       __imp__InterlockedExchange@8 00425294     kernel32:KERNEL32.dll
 0004:00000298       __imp__LoadLibraryA@4      00425298     kernel32:KERNEL32.dll
 0004:0000029c       __imp__InitializeCriticalSection@4 0042529c     kernel32:KERNEL32.dll
 0004:000002a0       __imp__SetHandleCount@4    004252a0     kernel32:KERNEL32.dll
 0004:000002a4       __imp__GetFileType@4       004252a4     kernel32:KERNEL32.dll
 0004:000002a8       __imp__GetStartupInfoA@4   004252a8     kernel32:KERNEL32.dll
 0004:000002ac       __imp__FreeEnvironmentStringsA@4 004252ac     kernel32:KERNEL32.dll
 0004:000002b0       __imp__GetEnvironmentStrings@0 004252b0     kernel32:KERNEL32.dll
 0004:000002b4       __imp__FreeEnvironmentStringsW@4 004252b4     kernel32:KERNEL32.dll
 0004:000002b8       __imp__WideCharToMultiByte@32 004252b8     kernel32:KERNEL32.dll
 0004:000002bc       __imp__GetEnvironmentStringsW@0 004252bc     kernel32:KERNEL32.dll
 0004:000002c0       __imp__HeapDestroy@4       004252c0     kernel32:KERNEL32.dll
 0004:000002c4       __imp__HeapCreate@12       004252c4     kernel32:KERNEL32.dll
 0004:000002c8       __imp__VirtualFree@12      004252c8     kernel32:KERNEL32.dll
 0004:000002cc       __imp__QueryPerformanceCounter@4 004252cc     kernel32:KERNEL32.dll
 0004:000002d0       __imp__GetTickCount@0      004252d0     kernel32:KERNEL32.dll
 0004:000002d4       __imp__GetCurrentProcessId@0 004252d4     kernel32:KERNEL32.dll
 0004:000002d8       __imp__GetSystemTimeAsFileTime@4 004252d8     kernel32:KERNEL32.dll
 0004:000002dc       __imp__SetFilePointer@16   004252dc     kernel32:KERNEL32.dll
 0004:000002e0       __imp__GetConsoleCP@0      004252e0     kernel32:KERNEL32.dll
 0004:000002e4       __imp__GetConsoleMode@8    004252e4     kernel32:KERNEL32.dll
 0004:000002e8       __imp__GetCPInfo@8         004252e8     kernel32:KERNEL32.dll
 0004:000002ec       __imp__GetACP@0            004252ec     kernel32:KERNEL32.dll
 0004:000002f0       __imp__GetOEMCP@0          004252f0     kernel32:KERNEL32.dll
 0004:000002f4       __imp__IsValidCodePage@4   004252f4     kernel32:KERNEL32.dll
 0004:000002f8       __imp__HeapSize@12         004252f8     kernel32:KERNEL32.dll
 0004:000002fc       __imp__RtlUnwind@16        004252fc     kernel32:KERNEL32.dll
 0004:00000300       __imp__MultiByteToWideChar@24 00425300     kernel32:KERNEL32.dll
 0004:00000304       __imp__GetLocaleInfoA@16   00425304     kernel32:KERNEL32.dll
 0004:00000308       __imp__GetLocaleInfoW@16   00425308     kernel32:KERNEL32.dll
 0004:0000030c       __imp__HeapReAlloc@16      0042530c     kernel32:KERNEL32.dll
 0004:00000310       __imp__VirtualAlloc@16     00425310     kernel32:KERNEL32.dll
 0004:00000314       __imp__FlushFileBuffers@4  00425314     kernel32:KERNEL32.dll
 0004:00000318       __imp__SetStdHandle@8      00425318     kernel32:KERNEL32.dll
 0004:0000031c       __imp__WriteConsoleA@20    0042531c     kernel32:KERNEL32.dll
 0004:00000320       __imp__GetConsoleOutputCP@0 00425320     kernel32:KERNEL32.dll
 0004:00000324       __imp__WriteConsoleW@20    00425324     kernel32:KERNEL32.dll
 0004:00000328       __imp__LCMapStringA@24     00425328     kernel32:KERNEL32.dll
 0004:0000032c       __imp__LCMapStringW@24     0042532c     kernel32:KERNEL32.dll
 0004:00000330       __imp__GetStringTypeA@20   00425330     kernel32:KERNEL32.dll
 0004:00000334       __imp__GetStringTypeW@16   00425334     kernel32:KERNEL32.dll
 0004:00000338       __imp__GetTimeFormatA@24   00425338     kernel32:KERNEL32.dll
 0004:0000033c       __imp__GetDateFormatA@24   0042533c     kernel32:KERNEL32.dll
 0004:00000340       __imp__GetUserDefaultLCID@0 00425340     kernel32:KERNEL32.dll
 0004:00000344       __imp__EnumSystemLocalesA@8 00425344     kernel32:KERNEL32.dll
 0004:00000348       __imp__IsValidLocale@8     00425348     kernel32:KERNEL32.dll
 0004:0000034c       __imp__CreateFileA@28      0042534c     kernel32:KERNEL32.dll
 0004:00000350       __imp__GetTimeZoneInformation@4 00425350     kernel32:KERNEL32.dll
 0004:00000354       __imp__CompareStringA@24   00425354     kernel32:KERNEL32.dll
 0004:00000358       __imp__CompareStringW@24   00425358     kernel32:KERNEL32.dll
 0004:0000035c       __imp__SetEnvironmentVariableA@8 0042535c     kernel32:KERNEL32.dll
 0004:00000360       \177KERNEL32_NULL_THUNK_DATA 00425360     kernel32:KERNEL32.dll

 entry point at        0001:00001296

